<?xml version="1.0" encoding="ISO-8859-1" ?>
<link_info>
   <banner>TI ARM Linker PC v18.1.1.LTS</banner>
   <copyright>Copyright (c) 1996-2017 Texas Instruments Incorporated</copyright>
   <link_time>0x5ad6a0f6</link_time>
   <link_errors>0x0</link_errors>
   <output_file>FinalProj.out</output_file>
   <entry_point>
      <name>_c_int00_noargs</name>
      <address>0x5475</address>
   </entry_point>
   <input_file_list>
      <input_file id="fl-2">
         <path>.\</path>
         <kind>object</kind>
         <file>Timer.obj</file>
         <name>Timer.obj</name>
      </input_file>
      <input_file id="fl-3">
         <path>.\</path>
         <kind>object</kind>
         <file>WiFi.obj</file>
         <name>WiFi.obj</name>
      </input_file>
      <input_file id="fl-4">
         <path>.\</path>
         <kind>object</kind>
         <file>adc.obj</file>
         <name>adc.obj</name>
      </input_file>
      <input_file id="fl-5">
         <path>.\</path>
         <kind>object</kind>
         <file>lcd.obj</file>
         <name>lcd.obj</name>
      </input_file>
      <input_file id="fl-6">
         <path>.\</path>
         <kind>object</kind>
         <file>main.obj</file>
         <name>main.obj</name>
      </input_file>
      <input_file id="fl-7">
         <path>.\</path>
         <kind>object</kind>
         <file>ping.obj</file>
         <name>ping.obj</name>
      </input_file>
      <input_file id="fl-8">
         <path>.\</path>
         <kind>object</kind>
         <file>servo.obj</file>
         <name>servo.obj</name>
      </input_file>
      <input_file id="fl-9">
         <path>.\</path>
         <kind>object</kind>
         <file>tm4c123gh6pm_startup_ccs.obj</file>
         <name>tm4c123gh6pm_startup_ccs.obj</name>
      </input_file>
      <input_file id="fl-a">
         <path>.\</path>
         <kind>object</kind>
         <file>uart.obj</file>
         <name>uart.obj</name>
      </input_file>
      <input_file id="fl-f">
         <kind>object</kind>
         <file>&lt;internal&gt;</file>
         <name>&lt;internal&gt;</name>
      </input_file>
      <input_file id="fl-c5">
         <path>C:\ti\ccsv8\tools\compiler\ti-cgt-arm_18.1.1.LTS\lib\</path>
         <kind>archive</kind>
         <file>rtsv7M4_T_le_v4SPD16_eabi.lib</file>
         <name>e_pow.c.obj</name>
      </input_file>
      <input_file id="fl-c6">
         <path>C:\ti\ccsv8\tools\compiler\ti-cgt-arm_18.1.1.LTS\lib\</path>
         <kind>archive</kind>
         <file>rtsv7M4_T_le_v4SPD16_eabi.lib</file>
         <name>e_sqrt.c.obj</name>
      </input_file>
      <input_file id="fl-c7">
         <path>C:\ti\ccsv8\tools\compiler\ti-cgt-arm_18.1.1.LTS\lib\</path>
         <kind>archive</kind>
         <file>rtsv7M4_T_le_v4SPD16_eabi.lib</file>
         <name>s_scalbn.c.obj</name>
      </input_file>
      <input_file id="fl-c8">
         <path>C:\ti\ccsv8\tools\compiler\ti-cgt-arm_18.1.1.LTS\lib\</path>
         <kind>archive</kind>
         <file>rtsv7M4_T_le_v4SPD16_eabi.lib</file>
         <name>s_tan.c.obj</name>
      </input_file>
      <input_file id="fl-c9">
         <path>C:\ti\ccsv8\tools\compiler\ti-cgt-arm_18.1.1.LTS\lib\</path>
         <kind>archive</kind>
         <file>rtsv7M4_T_le_v4SPD16_eabi.lib</file>
         <name>s_copysign.c.obj</name>
      </input_file>
      <input_file id="fl-ca">
         <path>C:\ti\ccsv8\tools\compiler\ti-cgt-arm_18.1.1.LTS\lib\</path>
         <kind>archive</kind>
         <file>rtsv7M4_T_le_v4SPD16_eabi.lib</file>
         <name>fd_add_t2.asm.obj</name>
      </input_file>
      <input_file id="fl-cb">
         <path>C:\ti\ccsv8\tools\compiler\ti-cgt-arm_18.1.1.LTS\lib\</path>
         <kind>archive</kind>
         <file>rtsv7M4_T_le_v4SPD16_eabi.lib</file>
         <name>fd_cmp_t2.asm.obj</name>
      </input_file>
      <input_file id="fl-cc">
         <path>C:\ti\ccsv8\tools\compiler\ti-cgt-arm_18.1.1.LTS\lib\</path>
         <kind>archive</kind>
         <file>rtsv7M4_T_le_v4SPD16_eabi.lib</file>
         <name>fd_div_t2.asm.obj</name>
      </input_file>
      <input_file id="fl-cd">
         <path>C:\ti\ccsv8\tools\compiler\ti-cgt-arm_18.1.1.LTS\lib\</path>
         <kind>archive</kind>
         <file>rtsv7M4_T_le_v4SPD16_eabi.lib</file>
         <name>fd_mul_t2.asm.obj</name>
      </input_file>
      <input_file id="fl-ce">
         <path>C:\ti\ccsv8\tools\compiler\ti-cgt-arm_18.1.1.LTS\lib\</path>
         <kind>archive</kind>
         <file>rtsv7M4_T_le_v4SPD16_eabi.lib</file>
         <name>fd_toi_t2.asm.obj</name>
      </input_file>
      <input_file id="fl-cf">
         <path>C:\ti\ccsv8\tools\compiler\ti-cgt-arm_18.1.1.LTS\lib\</path>
         <kind>archive</kind>
         <file>rtsv7M4_T_le_v4SPD16_eabi.lib</file>
         <name>fd_tou_t2.asm.obj</name>
      </input_file>
      <input_file id="fl-d0">
         <path>C:\ti\ccsv8\tools\compiler\ti-cgt-arm_18.1.1.LTS\lib\</path>
         <kind>archive</kind>
         <file>rtsv7M4_T_le_v4SPD16_eabi.lib</file>
         <name>i_tofd_t2.asm.obj</name>
      </input_file>
      <input_file id="fl-d1">
         <path>C:\ti\ccsv8\tools\compiler\ti-cgt-arm_18.1.1.LTS\lib\</path>
         <kind>archive</kind>
         <file>rtsv7M4_T_le_v4SPD16_eabi.lib</file>
         <name>u_tofd_t2.asm.obj</name>
      </input_file>
      <input_file id="fl-d2">
         <path>C:\ti\ccsv8\tools\compiler\ti-cgt-arm_18.1.1.LTS\lib\</path>
         <kind>archive</kind>
         <file>rtsv7M4_T_le_v4SPD16_eabi.lib</file>
         <name>memset_t2.asm.obj</name>
      </input_file>
      <input_file id="fl-d3">
         <path>C:\ti\ccsv8\tools\compiler\ti-cgt-arm_18.1.1.LTS\lib\</path>
         <kind>archive</kind>
         <file>rtsv7M4_T_le_v4SPD16_eabi.lib</file>
         <name>copy_zero_init.c.obj</name>
      </input_file>
      <input_file id="fl-d4">
         <path>C:\ti\ccsv8\tools\compiler\ti-cgt-arm_18.1.1.LTS\lib\</path>
         <kind>archive</kind>
         <file>rtsv7M4_T_le_v4SPD16_eabi.lib</file>
         <name>copy_decompress_none.c.obj</name>
      </input_file>
      <input_file id="fl-d5">
         <path>C:\ti\ccsv8\tools\compiler\ti-cgt-arm_18.1.1.LTS\lib\</path>
         <kind>archive</kind>
         <file>rtsv7M4_T_le_v4SPD16_eabi.lib</file>
         <name>copy_decompress_lzss.c.obj</name>
      </input_file>
      <input_file id="fl-d6">
         <path>C:\ti\ccsv8\tools\compiler\ti-cgt-arm_18.1.1.LTS\lib\</path>
         <kind>archive</kind>
         <file>rtsv7M4_T_le_v4SPD16_eabi.lib</file>
         <name>boot_cortex_m.c.obj</name>
      </input_file>
      <input_file id="fl-d7">
         <path>C:\ti\ccsv8\tools\compiler\ti-cgt-arm_18.1.1.LTS\lib\</path>
         <kind>archive</kind>
         <file>rtsv7M4_T_le_v4SPD16_eabi.lib</file>
         <name>errno.c.obj</name>
      </input_file>
      <input_file id="fl-d8">
         <path>C:\ti\ccsv8\tools\compiler\ti-cgt-arm_18.1.1.LTS\lib\</path>
         <kind>archive</kind>
         <file>rtsv7M4_T_le_v4SPD16_eabi.lib</file>
         <name>exit.c.obj</name>
      </input_file>
      <input_file id="fl-d9">
         <path>C:\ti\ccsv8\tools\compiler\ti-cgt-arm_18.1.1.LTS\lib\</path>
         <kind>archive</kind>
         <file>rtsv7M4_T_le_v4SPD16_eabi.lib</file>
         <name>_lock.c.obj</name>
      </input_file>
      <input_file id="fl-da">
         <path>C:\ti\ccsv8\tools\compiler\ti-cgt-arm_18.1.1.LTS\lib\</path>
         <kind>archive</kind>
         <file>rtsv7M4_T_le_v4SPD16_eabi.lib</file>
         <name>args_main.c.obj</name>
      </input_file>
      <input_file id="fl-db">
         <path>C:\ti\ccsv8\tools\compiler\ti-cgt-arm_18.1.1.LTS\lib\</path>
         <kind>archive</kind>
         <file>rtsv7M4_T_le_v4SPD16_eabi.lib</file>
         <name>printf.c.obj</name>
      </input_file>
      <input_file id="fl-dc">
         <path>C:\ti\ccsv8\tools\compiler\ti-cgt-arm_18.1.1.LTS\lib\</path>
         <kind>archive</kind>
         <file>rtsv7M4_T_le_v4SPD16_eabi.lib</file>
         <name>sprintf.c.obj</name>
      </input_file>
      <input_file id="fl-dd">
         <path>C:\ti\ccsv8\tools\compiler\ti-cgt-arm_18.1.1.LTS\lib\</path>
         <kind>archive</kind>
         <file>rtsv7M4_T_le_v4SPD16_eabi.lib</file>
         <name>strcmp.c.obj</name>
      </input_file>
      <input_file id="fl-de">
         <path>C:\ti\ccsv8\tools\compiler\ti-cgt-arm_18.1.1.LTS\lib\</path>
         <kind>archive</kind>
         <file>rtsv7M4_T_le_v4SPD16_eabi.lib</file>
         <name>strcpy.c.obj</name>
      </input_file>
      <input_file id="fl-df">
         <path>C:\ti\ccsv8\tools\compiler\ti-cgt-arm_18.1.1.LTS\lib\</path>
         <kind>archive</kind>
         <file>rtsv7M4_T_le_v4SPD16_eabi.lib</file>
         <name>strlen.c.obj</name>
      </input_file>
      <input_file id="fl-e0">
         <path>C:\ti\ccsv8\tools\compiler\ti-cgt-arm_18.1.1.LTS\lib\</path>
         <kind>archive</kind>
         <file>rtsv7M4_T_le_v4SPD16_eabi.lib</file>
         <name>vsnprintf.c.obj</name>
      </input_file>
      <input_file id="fl-e1">
         <path>C:\ti\ccsv8\tools\compiler\ti-cgt-arm_18.1.1.LTS\lib\</path>
         <kind>archive</kind>
         <file>rtsv7M4_T_le_v4SPD16_eabi.lib</file>
         <name>k_rem_pio2.c.obj</name>
      </input_file>
      <input_file id="fl-e2">
         <path>C:\ti\ccsv8\tools\compiler\ti-cgt-arm_18.1.1.LTS\lib\</path>
         <kind>archive</kind>
         <file>rtsv7M4_T_le_v4SPD16_eabi.lib</file>
         <name>k_tan.c.obj</name>
      </input_file>
      <input_file id="fl-e3">
         <path>C:\ti\ccsv8\tools\compiler\ti-cgt-arm_18.1.1.LTS\lib\</path>
         <kind>archive</kind>
         <file>rtsv7M4_T_le_v4SPD16_eabi.lib</file>
         <name>s_floor.c.obj</name>
      </input_file>
      <input_file id="fl-e4">
         <path>C:\ti\ccsv8\tools\compiler\ti-cgt-arm_18.1.1.LTS\lib\</path>
         <kind>archive</kind>
         <file>rtsv7M4_T_le_v4SPD16_eabi.lib</file>
         <name>memcpy_t2.asm.obj</name>
      </input_file>
      <input_file id="fl-e5">
         <path>C:\ti\ccsv8\tools\compiler\ti-cgt-arm_18.1.1.LTS\lib\</path>
         <kind>archive</kind>
         <file>rtsv7M4_T_le_v4SPD16_eabi.lib</file>
         <name>autoinit.c.obj</name>
      </input_file>
      <input_file id="fl-e6">
         <path>C:\ti\ccsv8\tools\compiler\ti-cgt-arm_18.1.1.LTS\lib\</path>
         <kind>archive</kind>
         <file>rtsv7M4_T_le_v4SPD16_eabi.lib</file>
         <name>pre_init.c.obj</name>
      </input_file>
      <input_file id="fl-e7">
         <path>C:\ti\ccsv8\tools\compiler\ti-cgt-arm_18.1.1.LTS\lib\</path>
         <kind>archive</kind>
         <file>rtsv7M4_T_le_v4SPD16_eabi.lib</file>
         <name>cpy_tbl.c.obj</name>
      </input_file>
      <input_file id="fl-e8">
         <path>C:\ti\ccsv8\tools\compiler\ti-cgt-arm_18.1.1.LTS\lib\</path>
         <kind>archive</kind>
         <file>rtsv7M4_T_le_v4SPD16_eabi.lib</file>
         <name>_printfi.c.obj</name>
      </input_file>
      <input_file id="fl-e9">
         <path>C:\ti\ccsv8\tools\compiler\ti-cgt-arm_18.1.1.LTS\lib\</path>
         <kind>archive</kind>
         <file>rtsv7M4_T_le_v4SPD16_eabi.lib</file>
         <name>atoi.c.obj</name>
      </input_file>
      <input_file id="fl-ea">
         <path>C:\ti\ccsv8\tools\compiler\ti-cgt-arm_18.1.1.LTS\lib\</path>
         <kind>archive</kind>
         <file>rtsv7M4_T_le_v4SPD16_eabi.lib</file>
         <name>ctype.c.obj</name>
      </input_file>
      <input_file id="fl-eb">
         <path>C:\ti\ccsv8\tools\compiler\ti-cgt-arm_18.1.1.LTS\lib\</path>
         <kind>archive</kind>
         <file>rtsv7M4_T_le_v4SPD16_eabi.lib</file>
         <name>defs.c.obj</name>
      </input_file>
      <input_file id="fl-ec">
         <path>C:\ti\ccsv8\tools\compiler\ti-cgt-arm_18.1.1.LTS\lib\</path>
         <kind>archive</kind>
         <file>rtsv7M4_T_le_v4SPD16_eabi.lib</file>
         <name>fputc.c.obj</name>
      </input_file>
      <input_file id="fl-ed">
         <path>C:\ti\ccsv8\tools\compiler\ti-cgt-arm_18.1.1.LTS\lib\</path>
         <kind>archive</kind>
         <file>rtsv7M4_T_le_v4SPD16_eabi.lib</file>
         <name>fputs.c.obj</name>
      </input_file>
      <input_file id="fl-ee">
         <path>C:\ti\ccsv8\tools\compiler\ti-cgt-arm_18.1.1.LTS\lib\</path>
         <kind>archive</kind>
         <file>rtsv7M4_T_le_v4SPD16_eabi.lib</file>
         <name>ltoa.c.obj</name>
      </input_file>
      <input_file id="fl-ef">
         <path>C:\ti\ccsv8\tools\compiler\ti-cgt-arm_18.1.1.LTS\lib\</path>
         <kind>archive</kind>
         <file>rtsv7M4_T_le_v4SPD16_eabi.lib</file>
         <name>memccpy.c.obj</name>
      </input_file>
      <input_file id="fl-f0">
         <path>C:\ti\ccsv8\tools\compiler\ti-cgt-arm_18.1.1.LTS\lib\</path>
         <kind>archive</kind>
         <file>rtsv7M4_T_le_v4SPD16_eabi.lib</file>
         <name>memchr.c.obj</name>
      </input_file>
      <input_file id="fl-f1">
         <path>C:\ti\ccsv8\tools\compiler\ti-cgt-arm_18.1.1.LTS\lib\</path>
         <kind>archive</kind>
         <file>rtsv7M4_T_le_v4SPD16_eabi.lib</file>
         <name>strchr.c.obj</name>
      </input_file>
      <input_file id="fl-f2">
         <path>C:\ti\ccsv8\tools\compiler\ti-cgt-arm_18.1.1.LTS\lib\</path>
         <kind>archive</kind>
         <file>rtsv7M4_T_le_v4SPD16_eabi.lib</file>
         <name>write.c.obj</name>
      </input_file>
      <input_file id="fl-f3">
         <path>C:\ti\ccsv8\tools\compiler\ti-cgt-arm_18.1.1.LTS\lib\</path>
         <kind>archive</kind>
         <file>rtsv7M4_T_le_v4SPD16_eabi.lib</file>
         <name>s_frexp.c.obj</name>
      </input_file>
      <input_file id="fl-f4">
         <path>C:\ti\ccsv8\tools\compiler\ti-cgt-arm_18.1.1.LTS\lib\</path>
         <kind>archive</kind>
         <file>rtsv7M4_T_le_v4SPD16_eabi.lib</file>
         <name>wcslen.c.obj</name>
      </input_file>
      <input_file id="fl-f5">
         <path>C:\ti\ccsv8\tools\compiler\ti-cgt-arm_18.1.1.LTS\lib\</path>
         <kind>archive</kind>
         <file>rtsv7M4_T_le_v4SPD16_eabi.lib</file>
         <name>ull_div_t2.asm.obj</name>
      </input_file>
      <input_file id="fl-f6">
         <path>C:\ti\ccsv8\tools\compiler\ti-cgt-arm_18.1.1.LTS\lib\</path>
         <kind>archive</kind>
         <file>rtsv7M4_T_le_v4SPD16_eabi.lib</file>
         <name>_io_perm.c.obj</name>
      </input_file>
      <input_file id="fl-f7">
         <path>C:\ti\ccsv8\tools\compiler\ti-cgt-arm_18.1.1.LTS\lib\</path>
         <kind>archive</kind>
         <file>rtsv7M4_T_le_v4SPD16_eabi.lib</file>
         <name>fflush.c.obj</name>
      </input_file>
      <input_file id="fl-f8">
         <path>C:\ti\ccsv8\tools\compiler\ti-cgt-arm_18.1.1.LTS\lib\</path>
         <kind>archive</kind>
         <file>rtsv7M4_T_le_v4SPD16_eabi.lib</file>
         <name>fseek.c.obj</name>
      </input_file>
      <input_file id="fl-f9">
         <path>C:\ti\ccsv8\tools\compiler\ti-cgt-arm_18.1.1.LTS\lib\</path>
         <kind>archive</kind>
         <file>rtsv7M4_T_le_v4SPD16_eabi.lib</file>
         <name>lseek.c.obj</name>
      </input_file>
      <input_file id="fl-fa">
         <path>C:\ti\ccsv8\tools\compiler\ti-cgt-arm_18.1.1.LTS\lib\</path>
         <kind>archive</kind>
         <file>rtsv7M4_T_le_v4SPD16_eabi.lib</file>
         <name>setvbuf.c.obj</name>
      </input_file>
      <input_file id="fl-fb">
         <path>C:\ti\ccsv8\tools\compiler\ti-cgt-arm_18.1.1.LTS\lib\</path>
         <kind>archive</kind>
         <file>rtsv7M4_T_le_v4SPD16_eabi.lib</file>
         <name>hostclose.c.obj</name>
      </input_file>
      <input_file id="fl-fc">
         <path>C:\ti\ccsv8\tools\compiler\ti-cgt-arm_18.1.1.LTS\lib\</path>
         <kind>archive</kind>
         <file>rtsv7M4_T_le_v4SPD16_eabi.lib</file>
         <name>hostlseek.c.obj</name>
      </input_file>
      <input_file id="fl-fd">
         <path>C:\ti\ccsv8\tools\compiler\ti-cgt-arm_18.1.1.LTS\lib\</path>
         <kind>archive</kind>
         <file>rtsv7M4_T_le_v4SPD16_eabi.lib</file>
         <name>hostopen.c.obj</name>
      </input_file>
      <input_file id="fl-fe">
         <path>C:\ti\ccsv8\tools\compiler\ti-cgt-arm_18.1.1.LTS\lib\</path>
         <kind>archive</kind>
         <file>rtsv7M4_T_le_v4SPD16_eabi.lib</file>
         <name>hostread.c.obj</name>
      </input_file>
      <input_file id="fl-ff">
         <path>C:\ti\ccsv8\tools\compiler\ti-cgt-arm_18.1.1.LTS\lib\</path>
         <kind>archive</kind>
         <file>rtsv7M4_T_le_v4SPD16_eabi.lib</file>
         <name>hostrename.c.obj</name>
      </input_file>
      <input_file id="fl-100">
         <path>C:\ti\ccsv8\tools\compiler\ti-cgt-arm_18.1.1.LTS\lib\</path>
         <kind>archive</kind>
         <file>rtsv7M4_T_le_v4SPD16_eabi.lib</file>
         <name>hostunlink.c.obj</name>
      </input_file>
      <input_file id="fl-101">
         <path>C:\ti\ccsv8\tools\compiler\ti-cgt-arm_18.1.1.LTS\lib\</path>
         <kind>archive</kind>
         <file>rtsv7M4_T_le_v4SPD16_eabi.lib</file>
         <name>hostwrite.c.obj</name>
      </input_file>
      <input_file id="fl-102">
         <path>C:\ti\ccsv8\tools\compiler\ti-cgt-arm_18.1.1.LTS\lib\</path>
         <kind>archive</kind>
         <file>rtsv7M4_T_le_v4SPD16_eabi.lib</file>
         <name>trgmsg.c.obj</name>
      </input_file>
      <input_file id="fl-103">
         <path>C:\ti\ccsv8\tools\compiler\ti-cgt-arm_18.1.1.LTS\lib\</path>
         <kind>archive</kind>
         <file>rtsv7M4_T_le_v4SPD16_eabi.lib</file>
         <name>div0.asm.obj</name>
      </input_file>
      <input_file id="fl-104">
         <path>C:\ti\ccsv8\tools\compiler\ti-cgt-arm_18.1.1.LTS\lib\</path>
         <kind>archive</kind>
         <file>rtsv7M4_T_le_v4SPD16_eabi.lib</file>
         <name>memory.c.obj</name>
      </input_file>
      <input_file id="fl-105">
         <path>C:\ti\ccsv8\tools\compiler\ti-cgt-arm_18.1.1.LTS\lib\</path>
         <kind>archive</kind>
         <file>rtsv7M4_T_le_v4SPD16_eabi.lib</file>
         <name>fopen.c.obj</name>
      </input_file>
      <input_file id="fl-106">
         <path>C:\ti\ccsv8\tools\compiler\ti-cgt-arm_18.1.1.LTS\lib\</path>
         <kind>archive</kind>
         <file>rtsv7M4_T_le_v4SPD16_eabi.lib</file>
         <name>open.c.obj</name>
      </input_file>
      <input_file id="fl-107">
         <path>C:\ti\ccsv8\tools\compiler\ti-cgt-arm_18.1.1.LTS\lib\</path>
         <kind>archive</kind>
         <file>rtsv7M4_T_le_v4SPD16_eabi.lib</file>
         <name>fclose.c.obj</name>
      </input_file>
      <input_file id="fl-108">
         <path>C:\ti\ccsv8\tools\compiler\ti-cgt-arm_18.1.1.LTS\lib\</path>
         <kind>archive</kind>
         <file>rtsv7M4_T_le_v4SPD16_eabi.lib</file>
         <name>getdevice.c.obj</name>
      </input_file>
      <input_file id="fl-109">
         <path>C:\ti\ccsv8\tools\compiler\ti-cgt-arm_18.1.1.LTS\lib\</path>
         <kind>archive</kind>
         <file>rtsv7M4_T_le_v4SPD16_eabi.lib</file>
         <name>remove.c.obj</name>
      </input_file>
      <input_file id="fl-10a">
         <path>C:\ti\ccsv8\tools\compiler\ti-cgt-arm_18.1.1.LTS\lib\</path>
         <kind>archive</kind>
         <file>rtsv7M4_T_le_v4SPD16_eabi.lib</file>
         <name>strncpy.c.obj</name>
      </input_file>
      <input_file id="fl-10b">
         <path>C:\ti\ccsv8\tools\compiler\ti-cgt-arm_18.1.1.LTS\lib\</path>
         <kind>archive</kind>
         <file>rtsv7M4_T_le_v4SPD16_eabi.lib</file>
         <name>unlink.c.obj</name>
      </input_file>
      <input_file id="fl-10c">
         <path>C:\ti\ccsv8\tools\compiler\ti-cgt-arm_18.1.1.LTS\lib\</path>
         <kind>archive</kind>
         <file>rtsv7M4_T_le_v4SPD16_eabi.lib</file>
         <name>close.c.obj</name>
      </input_file>
      <input_file id="fl-10d">
         <path>C:\ti\TivaWare_C_Series-2.1.2.111\driverlib\ccs\Debug\</path>
         <kind>archive</kind>
         <file>driverlib.lib</file>
         <name>interrupt.obj</name>
      </input_file>
      <input_file id="fl-10e">
         <path>C:\ti\TivaWare_C_Series-2.1.2.111\driverlib\ccs\Debug\</path>
         <kind>archive</kind>
         <file>driverlib.lib</file>
         <name>cpu.obj</name>
      </input_file>
   </input_file_list>
   <object_component_list>
      <object_component id="oc-f">
         <name>.intvecs</name>
         <load_address>0x0</load_address>
         <run_address>0x0</run_address>
         <size>0x26c</size>
         <input_file_ref idref="fl-9"/>
      </object_component>
      <object_component id="oc-1b0">
         <name>.text:__TI_printfi</name>
         <load_address>0x26c</load_address>
         <run_address>0x26c</run_address>
         <size>0xa5e</size>
         <input_file_ref idref="fl-e8"/>
      </object_component>
      <object_component id="oc-2b7">
         <name>.text:_nop</name>
         <load_address>0xcca</load_address>
         <run_address>0xcca</run_address>
         <size>0x2</size>
         <input_file_ref idref="fl-d9"/>
      </object_component>
      <object_component id="oc-d4">
         <name>.text:pow</name>
         <load_address>0xccc</load_address>
         <run_address>0xccc</run_address>
         <size>0x9c0</size>
         <input_file_ref idref="fl-c5"/>
      </object_component>
      <object_component id="oc-22b">
         <name>.text:__kernel_rem_pio2</name>
         <load_address>0x168c</load_address>
         <run_address>0x168c</run_address>
         <size>0x738</size>
         <input_file_ref idref="fl-e1"/>
      </object_component>
      <object_component id="oc-9f">
         <name>.text</name>
         <load_address>0x1dc4</load_address>
         <run_address>0x1dc4</run_address>
         <size>0x6bc</size>
         <input_file_ref idref="fl-6"/>
      </object_component>
      <object_component id="oc-139">
         <name>.text:tan</name>
         <load_address>0x2480</load_address>
         <run_address>0x2480</run_address>
         <size>0x508</size>
         <input_file_ref idref="fl-c8"/>
      </object_component>
      <object_component id="oc-231">
         <name>.text:__kernel_tan</name>
         <load_address>0x2988</load_address>
         <run_address>0x2988</run_address>
         <size>0x318</size>
         <input_file_ref idref="fl-e2"/>
      </object_component>
      <object_component id="oc-100">
         <name>.text</name>
         <load_address>0x2ca0</load_address>
         <run_address>0x2ca0</run_address>
         <size>0x2ec</size>
         <input_file_ref idref="fl-5"/>
      </object_component>
      <object_component id="oc-299">
         <name>.text:_pconv_a</name>
         <load_address>0x2f8c</load_address>
         <run_address>0x2f8c</run_address>
         <size>0x270</size>
         <input_file_ref idref="fl-e8"/>
      </object_component>
      <object_component id="oc-287">
         <name>.text:_pconv_g</name>
         <load_address>0x31fc</load_address>
         <run_address>0x31fc</run_address>
         <size>0x1d0</size>
         <input_file_ref idref="fl-e8"/>
      </object_component>
      <object_component id="oc-df">
         <name>.text</name>
         <load_address>0x33cc</load_address>
         <run_address>0x33cc</run_address>
         <size>0x1b6</size>
         <input_file_ref idref="fl-ca"/>
      </object_component>
      <object_component id="oc-3d9">
         <name>.text</name>
         <load_address>0x3582</load_address>
         <run_address>0x3582</run_address>
         <size>0x2</size>
         <input_file_ref idref="fl-103"/>
      </object_component>
      <object_component id="oc-1df">
         <name>.text</name>
         <load_address>0x3584</load_address>
         <run_address>0x3584</run_address>
         <size>0x158</size>
         <input_file_ref idref="fl-2"/>
      </object_component>
      <object_component id="oc-185">
         <name>.text:sqrt</name>
         <load_address>0x36dc</load_address>
         <run_address>0x36dc</run_address>
         <size>0x158</size>
         <input_file_ref idref="fl-c6"/>
      </object_component>
      <object_component id="oc-10c">
         <name>.text</name>
         <load_address>0x3834</load_address>
         <run_address>0x3834</run_address>
         <size>0x150</size>
         <input_file_ref idref="fl-8"/>
      </object_component>
      <object_component id="oc-112">
         <name>.text</name>
         <load_address>0x3984</load_address>
         <run_address>0x3984</run_address>
         <size>0x144</size>
         <input_file_ref idref="fl-7"/>
      </object_component>
      <object_component id="oc-293">
         <name>.text:_pconv_e</name>
         <load_address>0x3ac8</load_address>
         <run_address>0x3ac8</run_address>
         <size>0x13c</size>
         <input_file_ref idref="fl-e8"/>
      </object_component>
      <object_component id="oc-134">
         <name>.text</name>
         <load_address>0x3c04</load_address>
         <run_address>0x3c04</run_address>
         <size>0x136</size>
         <input_file_ref idref="fl-cc"/>
      </object_component>
      <object_component id="oc-363">
         <name>.text:fcvt</name>
         <load_address>0x3d3c</load_address>
         <run_address>0x3d3c</run_address>
         <size>0x120</size>
         <input_file_ref idref="fl-e8"/>
      </object_component>
      <object_component id="oc-f4">
         <name>.text</name>
         <load_address>0x3e5c</load_address>
         <run_address>0x3e5c</run_address>
         <size>0x11c</size>
         <input_file_ref idref="fl-a"/>
      </object_component>
      <object_component id="oc-2c5">
         <name>.text:fputs</name>
         <load_address>0x3f78</load_address>
         <run_address>0x3f78</run_address>
         <size>0x114</size>
         <input_file_ref idref="fl-ed"/>
      </object_component>
      <object_component id="oc-19e">
         <name>.text:scalbn</name>
         <load_address>0x408c</load_address>
         <run_address>0x408c</run_address>
         <size>0x110</size>
         <input_file_ref idref="fl-c7"/>
      </object_component>
      <object_component id="oc-e9">
         <name>.text</name>
         <load_address>0x419c</load_address>
         <run_address>0x419c</run_address>
         <size>0xfc</size>
         <input_file_ref idref="fl-cd"/>
      </object_component>
      <object_component id="oc-106">
         <name>.text</name>
         <load_address>0x4298</load_address>
         <run_address>0x4298</run_address>
         <size>0xf8</size>
         <input_file_ref idref="fl-4"/>
      </object_component>
      <object_component id="oc-30b">
         <name>.text:floor</name>
         <load_address>0x4390</load_address>
         <run_address>0x4390</run_address>
         <size>0xf8</size>
         <input_file_ref idref="fl-e3"/>
      </object_component>
      <object_component id="oc-3fd">
         <name>.text:setvbuf</name>
         <load_address>0x4488</load_address>
         <run_address>0x4488</run_address>
         <size>0xdc</size>
         <input_file_ref idref="fl-fa"/>
      </object_component>
      <object_component id="oc-425">
         <name>.text:free</name>
         <load_address>0x4564</load_address>
         <run_address>0x4564</run_address>
         <size>0xd8</size>
         <input_file_ref idref="fl-104"/>
      </object_component>
      <object_component id="oc-281">
         <name>.text:_ltostr</name>
         <load_address>0x463c</load_address>
         <run_address>0x463c</run_address>
         <size>0xb1</size>
         <input_file_ref idref="fl-e8"/>
      </object_component>
      <object_component id="oc-3b">
         <name>.text</name>
         <load_address>0x46ee</load_address>
         <run_address>0x46ee</run_address>
         <size>0x9c</size>
         <input_file_ref idref="fl-e4"/>
      </object_component>
      <object_component id="oc-34a">
         <name>.text</name>
         <load_address>0x478a</load_address>
         <run_address>0x478a</run_address>
         <size>0x96</size>
         <input_file_ref idref="fl-f5"/>
      </object_component>
      <object_component id="oc-2cc">
         <name>.text:fputc</name>
         <load_address>0x4820</load_address>
         <run_address>0x4820</run_address>
         <size>0x8c</size>
         <input_file_ref idref="fl-ec"/>
      </object_component>
      <object_component id="oc-194">
         <name>.text:__aeabi_cdcmple</name>
         <load_address>0x48ac</load_address>
         <run_address>0x48ac</run_address>
         <size>0x86</size>
         <input_file_ref idref="fl-cb"/>
      </object_component>
      <object_component id="oc-199">
         <name>.text:__aeabi_cdrcmple</name>
         <load_address>0x4932</load_address>
         <run_address>0x4932</run_address>
         <size>0x86</size>
         <input_file_ref idref="fl-cb"/>
      </object_component>
      <object_component id="oc-93">
         <name>.text</name>
         <load_address>0x49b8</load_address>
         <run_address>0x49b8</run_address>
         <size>0x7a</size>
         <input_file_ref idref="fl-d2"/>
      </object_component>
      <object_component id="oc-42b">
         <name>.text:malloc</name>
         <load_address>0x4a34</load_address>
         <run_address>0x4a34</run_address>
         <size>0x78</size>
         <input_file_ref idref="fl-104"/>
      </object_component>
      <object_component id="oc-470">
         <name>.text:__TI_closefile</name>
         <load_address>0x4aac</load_address>
         <run_address>0x4aac</run_address>
         <size>0x74</size>
         <input_file_ref idref="fl-107"/>
      </object_component>
      <object_component id="oc-35c">
         <name>.text:_mcpy</name>
         <load_address>0x4b20</load_address>
         <run_address>0x4b20</run_address>
         <size>0x6e</size>
         <input_file_ref idref="fl-e8"/>
      </object_component>
      <object_component id="oc-494">
         <name>.text:HOSTlseek</name>
         <load_address>0x4b90</load_address>
         <run_address>0x4b90</run_address>
         <size>0x68</size>
         <input_file_ref idref="fl-fc"/>
      </object_component>
      <object_component id="oc-4a0">
         <name>.text:HOSTrename</name>
         <load_address>0x4bf8</load_address>
         <run_address>0x4bf8</run_address>
         <size>0x68</size>
         <input_file_ref idref="fl-ff"/>
      </object_component>
      <object_component id="oc-12">
         <name>.text:decompress:lzss:__TI_decompress_lzss</name>
         <load_address>0x4c60</load_address>
         <run_address>0x4c60</run_address>
         <size>0x68</size>
         <input_file_ref idref="fl-d5"/>
      </object_component>
      <object_component id="oc-ee">
         <name>.text:printf</name>
         <load_address>0x4cc8</load_address>
         <run_address>0x4cc8</run_address>
         <size>0x68</size>
         <input_file_ref idref="fl-db"/>
      </object_component>
      <object_component id="oc-371">
         <name>.text:frexp</name>
         <load_address>0x4d30</load_address>
         <run_address>0x4d30</run_address>
         <size>0x64</size>
         <input_file_ref idref="fl-f3"/>
      </object_component>
      <object_component id="oc-3f7">
         <name>.text:fseek</name>
         <load_address>0x4d94</load_address>
         <run_address>0x4d94</run_address>
         <size>0x64</size>
         <input_file_ref idref="fl-f8"/>
      </object_component>
      <object_component id="oc-398">
         <name>.text:__TI_wrt_ok</name>
         <load_address>0x4df8</load_address>
         <run_address>0x4df8</run_address>
         <size>0x62</size>
         <input_file_ref idref="fl-f6"/>
      </object_component>
      <object_component id="oc-47c">
         <name>.text:HOSTopen</name>
         <load_address>0x4e5c</load_address>
         <run_address>0x4e5c</run_address>
         <size>0x60</size>
         <input_file_ref idref="fl-fd"/>
      </object_component>
      <object_component id="oc-4af">
         <name>.text:close</name>
         <load_address>0x4ebc</load_address>
         <run_address>0x4ebc</run_address>
         <size>0x5c</size>
         <input_file_ref idref="fl-10c"/>
      </object_component>
      <object_component id="oc-488">
         <name>.text:HOSTread</name>
         <load_address>0x4f18</load_address>
         <run_address>0x4f18</run_address>
         <size>0x58</size>
         <input_file_ref idref="fl-fe"/>
      </object_component>
      <object_component id="oc-48e">
         <name>.text:HOSTwrite</name>
         <load_address>0x4f70</load_address>
         <run_address>0x4f70</run_address>
         <size>0x58</size>
         <input_file_ref idref="fl-101"/>
      </object_component>
      <object_component id="oc-28d">
         <name>.text:_pconv_f</name>
         <load_address>0x4fc8</load_address>
         <run_address>0x4fc8</run_address>
         <size>0x56</size>
         <input_file_ref idref="fl-e8"/>
      </object_component>
      <object_component id="oc-350">
         <name>.text:ltoa</name>
         <load_address>0x501e</load_address>
         <run_address>0x501e</run_address>
         <size>0x54</size>
         <input_file_ref idref="fl-ee"/>
      </object_component>
      <object_component id="oc-356">
         <name>.text:_ecpy</name>
         <load_address>0x5072</load_address>
         <run_address>0x5072</run_address>
         <size>0x52</size>
         <input_file_ref idref="fl-e8"/>
      </object_component>
      <object_component id="oc-3a4">
         <name>.text:__TI_doflush</name>
         <load_address>0x50c4</load_address>
         <run_address>0x50c4</run_address>
         <size>0x4c</size>
         <input_file_ref idref="fl-f7"/>
      </object_component>
      <object_component id="oc-27b">
         <name>.text:atoi</name>
         <load_address>0x5110</load_address>
         <run_address>0x5110</run_address>
         <size>0x4c</size>
         <input_file_ref idref="fl-e9"/>
      </object_component>
      <object_component id="oc-14b">
         <name>.text:exit</name>
         <load_address>0x515c</load_address>
         <run_address>0x515c</run_address>
         <size>0x48</size>
         <input_file_ref idref="fl-d8"/>
      </object_component>
      <object_component id="oc-124">
         <name>.text</name>
         <load_address>0x51a4</load_address>
         <run_address>0x51a4</run_address>
         <size>0x48</size>
         <input_file_ref idref="fl-ce"/>
      </object_component>
      <object_component id="oc-482">
         <name>.text:HOSTclose</name>
         <load_address>0x51ec</load_address>
         <run_address>0x51ec</run_address>
         <size>0x44</size>
         <input_file_ref idref="fl-fb"/>
      </object_component>
      <object_component id="oc-49a">
         <name>.text:HOSTunlink</name>
         <load_address>0x5230</load_address>
         <run_address>0x5230</run_address>
         <size>0x44</size>
         <input_file_ref idref="fl-100"/>
      </object_component>
      <object_component id="oc-151">
         <name>.text:__TI_auto_init_nobinit_nopinit:__TI_auto_init_nobinit_nopinit</name>
         <load_address>0x5274</load_address>
         <run_address>0x5274</run_address>
         <size>0x44</size>
         <input_file_ref idref="fl-e5"/>
      </object_component>
      <object_component id="oc-4de">
         <name>.text:getdevice</name>
         <load_address>0x52b8</load_address>
         <run_address>0x52b8</run_address>
         <size>0x44</size>
         <input_file_ref idref="fl-108"/>
      </object_component>
      <object_component id="oc-e4">
         <name>.text</name>
         <load_address>0x52fc</load_address>
         <run_address>0x52fc</run_address>
         <size>0x44</size>
         <input_file_ref idref="fl-cf"/>
      </object_component>
      <object_component id="oc-129">
         <name>.text:sprintf</name>
         <load_address>0x5340</load_address>
         <run_address>0x5340</run_address>
         <size>0x40</size>
         <input_file_ref idref="fl-dc"/>
      </object_component>
      <object_component id="oc-1ec">
         <name>.text:vsnprintf</name>
         <load_address>0x5380</load_address>
         <run_address>0x5380</run_address>
         <size>0x40</size>
         <input_file_ref idref="fl-e0"/>
      </object_component>
      <object_component id="oc-369">
         <name>.text:_fcpy</name>
         <load_address>0x53c0</load_address>
         <run_address>0x53c0</run_address>
         <size>0x3e</size>
         <input_file_ref idref="fl-e8"/>
      </object_component>
      <object_component id="oc-465">
         <name>.text:minsert</name>
         <load_address>0x5400</load_address>
         <run_address>0x5400</run_address>
         <size>0x3c</size>
         <input_file_ref idref="fl-104"/>
      </object_component>
      <object_component id="oc-4c0">
         <name>.text:__TI_writemsg</name>
         <load_address>0x543c</load_address>
         <run_address>0x543c</run_address>
         <size>0x38</size>
         <input_file_ref idref="fl-102"/>
      </object_component>
      <object_component id="oc-59">
         <name>.text:_c_int00_noargs:_c_int00_noargs</name>
         <load_address>0x5474</load_address>
         <run_address>0x5474</run_address>
         <size>0x38</size>
         <input_file_ref idref="fl-d6"/>
      </object_component>
      <object_component id="oc-459">
         <name>.text:minit</name>
         <load_address>0x54ac</load_address>
         <run_address>0x54ac</run_address>
         <size>0x38</size>
         <input_file_ref idref="fl-104"/>
      </object_component>
      <object_component id="oc-4fe">
         <name>.text:strncpy</name>
         <load_address>0x54e4</load_address>
         <run_address>0x54e4</run_address>
         <size>0x36</size>
         <input_file_ref idref="fl-10a"/>
      </object_component>
      <object_component id="oc-118">
         <name>.text:IntRegister</name>
         <load_address>0x551c</load_address>
         <run_address>0x551c</run_address>
         <size>0x34</size>
         <input_file_ref idref="fl-10d"/>
      </object_component>
      <object_component id="oc-431">
         <name>.text:__TI_cleanup</name>
         <load_address>0x5550</load_address>
         <run_address>0x5550</run_address>
         <size>0x34</size>
         <input_file_ref idref="fl-105"/>
      </object_component>
      <object_component id="oc-4c6">
         <name>.text:__TI_readmsg</name>
         <load_address>0x5584</load_address>
         <run_address>0x5584</run_address>
         <size>0x34</size>
         <input_file_ref idref="fl-102"/>
      </object_component>
      <object_component id="oc-2e2">
         <name>.text:_outs</name>
         <load_address>0x55b8</load_address>
         <run_address>0x55b8</run_address>
         <size>0x30</size>
         <input_file_ref idref="fl-e0"/>
      </object_component>
      <object_component id="oc-504">
         <name>.text:finddevice</name>
         <load_address>0x55e8</load_address>
         <run_address>0x55e8</run_address>
         <size>0x30</size>
         <input_file_ref idref="fl-108"/>
      </object_component>
      <object_component id="oc-12f">
         <name>.text</name>
         <load_address>0x5618</load_address>
         <run_address>0x5618</run_address>
         <size>0x2e</size>
         <input_file_ref idref="fl-d0"/>
      </object_component>
      <object_component id="oc-4b5">
         <name>.text:unlink</name>
         <load_address>0x5648</load_address>
         <run_address>0x5648</run_address>
         <size>0x2c</size>
         <input_file_ref idref="fl-10b"/>
      </object_component>
      <object_component id="oc-41d">
         <name>.text:lseek</name>
         <load_address>0x5674</load_address>
         <run_address>0x5674</run_address>
         <size>0x28</size>
         <input_file_ref idref="fl-f9"/>
      </object_component>
      <object_component id="oc-45f">
         <name>.text:mremove</name>
         <load_address>0x569c</load_address>
         <run_address>0x569c</run_address>
         <size>0x28</size>
         <input_file_ref idref="fl-104"/>
      </object_component>
      <object_component id="oc-3aa">
         <name>.text:write</name>
         <load_address>0x56c4</load_address>
         <run_address>0x56c4</run_address>
         <size>0x28</size>
         <input_file_ref idref="fl-f2"/>
      </object_component>
      <object_component id="oc-39e">
         <name>.text:memchr</name>
         <load_address>0x56ec</load_address>
         <run_address>0x56ec</run_address>
         <size>0x20</size>
         <input_file_ref idref="fl-f0"/>
      </object_component>
      <object_component id="oc-da">
         <name>.text</name>
         <load_address>0x570c</load_address>
         <run_address>0x570c</run_address>
         <size>0x20</size>
         <input_file_ref idref="fl-d1"/>
      </object_component>
      <object_component id="oc-29f">
         <name>.text:memccpy</name>
         <load_address>0x572c</load_address>
         <run_address>0x572c</run_address>
         <size>0x1c</size>
         <input_file_ref idref="fl-ef"/>
      </object_component>
      <object_component id="oc-2e8">
         <name>.text:_outc</name>
         <load_address>0x5748</load_address>
         <run_address>0x5748</run_address>
         <size>0x18</size>
         <input_file_ref idref="fl-e0"/>
      </object_component>
      <object_component id="oc-21b">
         <name>.text:_outs</name>
         <load_address>0x5760</load_address>
         <run_address>0x5760</run_address>
         <size>0x18</size>
         <input_file_ref idref="fl-dc"/>
      </object_component>
      <object_component id="oc-1f2">
         <name>.text:strcmp</name>
         <load_address>0x5778</load_address>
         <run_address>0x5778</run_address>
         <size>0x18</size>
         <input_file_ref idref="fl-dd"/>
      </object_component>
      <object_component id="oc-377">
         <name>.text:strchr</name>
         <load_address>0x5790</load_address>
         <run_address>0x5790</run_address>
         <size>0x16</size>
         <input_file_ref idref="fl-f1"/>
      </object_component>
      <object_component id="oc-261">
         <name>.text:copysign</name>
         <load_address>0x57a6</load_address>
         <run_address>0x57a6</run_address>
         <size>0x14</size>
         <input_file_ref idref="fl-c9"/>
      </object_component>
      <object_component id="oc-1f8">
         <name>.text:strcpy</name>
         <load_address>0x57ba</load_address>
         <run_address>0x57ba</run_address>
         <size>0x14</size>
         <input_file_ref idref="fl-de"/>
      </object_component>
      <object_component id="oc-275">
         <name>.text:strlen</name>
         <load_address>0x57ce</load_address>
         <run_address>0x57ce</run_address>
         <size>0x14</size>
         <input_file_ref idref="fl-df"/>
      </object_component>
      <object_component id="oc-2a5">
         <name>.text:wcslen</name>
         <load_address>0x57e2</load_address>
         <run_address>0x57e2</run_address>
         <size>0x12</size>
         <input_file_ref idref="fl-f4"/>
      </object_component>
      <object_component id="oc-11e">
         <name>.text:IntMasterEnable</name>
         <load_address>0x57f4</load_address>
         <run_address>0x57f4</run_address>
         <size>0x10</size>
         <input_file_ref idref="fl-10d"/>
      </object_component>
      <object_component id="oc-1e5">
         <name>.text:lcd_clear</name>
         <load_address>0x5804</load_address>
         <run_address>0x5804</run_address>
         <size>0x10</size>
         <input_file_ref idref="fl-5"/>
      </object_component>
      <object_component id="oc-18">
         <name>.text:decompress:none:__TI_decompress_none</name>
         <load_address>0x5814</load_address>
         <run_address>0x5814</run_address>
         <size>0xe</size>
         <input_file_ref idref="fl-d4"/>
      </object_component>
      <object_component id="oc-213">
         <name>.text:CPUcpsie</name>
         <load_address>0x5822</load_address>
         <run_address>0x5822</run_address>
         <size>0xc</size>
         <input_file_ref idref="fl-10e"/>
      </object_component>
      <object_component id="oc-4d">
         <name>.text:decompress:ZI:__TI_zero_init</name>
         <load_address>0x582e</load_address>
         <run_address>0x582e</run_address>
         <size>0xc</size>
         <input_file_ref idref="fl-d3"/>
      </object_component>
      <object_component id="oc-27">
         <name>.text</name>
         <load_address>0x583a</load_address>
         <run_address>0x583a</run_address>
         <size>0xc</size>
         <input_file_ref idref="fl-9"/>
      </object_component>
      <object_component id="oc-221">
         <name>.text:_outc</name>
         <load_address>0x5846</load_address>
         <run_address>0x5846</run_address>
         <size>0xa</size>
         <input_file_ref idref="fl-dc"/>
      </object_component>
      <object_component id="oc-18b">
         <name>.text:__aeabi_errno_addr</name>
         <load_address>0x5850</load_address>
         <run_address>0x5850</run_address>
         <size>0x8</size>
         <input_file_ref idref="fl-d7"/>
      </object_component>
      <object_component id="oc-1c2">
         <name>.text:_outc</name>
         <load_address>0x5858</load_address>
         <run_address>0x5858</run_address>
         <size>0x4</size>
         <input_file_ref idref="fl-db"/>
      </object_component>
      <object_component id="oc-1bc">
         <name>.text:_outs</name>
         <load_address>0x585c</load_address>
         <run_address>0x585c</run_address>
         <size>0x4</size>
         <input_file_ref idref="fl-db"/>
      </object_component>
      <object_component id="oc-99">
         <name>.text:_system_pre_init</name>
         <load_address>0x5860</load_address>
         <run_address>0x5860</run_address>
         <size>0x4</size>
         <input_file_ref idref="fl-e6"/>
      </object_component>
      <object_component id="oc-145">
         <name>.text:abort:abort</name>
         <load_address>0x5864</load_address>
         <run_address>0x5864</run_address>
         <size>0x4</size>
         <input_file_ref idref="fl-d8"/>
      </object_component>
      <object_component id="oc-311">
         <name>.const:$O1$$</name>
         <load_address>0x5868</load_address>
         <run_address>0x5868</run_address>
         <size>0x158</size>
         <input_file_ref idref="fl-e1"/>
      </object_component>
      <object_component id="oc-345">
         <name>.const:.string:_ctypes_</name>
         <load_address>0x59c0</load_address>
         <run_address>0x59c0</run_address>
         <size>0x101</size>
         <input_file_ref idref="fl-ea"/>
      </object_component>
      <object_component id="oc-1fe">
         <name>.const:.string:lineAddress$1</name>
         <load_address>0x5ac1</load_address>
         <run_address>0x5ac1</run_address>
         <size>0x4</size>
         <input_file_ref idref="fl-5"/>
      </object_component>
      <object_component id="oc-317">
         <name>.const:xxx</name>
         <load_address>0x5ac8</load_address>
         <run_address>0x5ac8</run_address>
         <size>0x80</size>
         <input_file_ref idref="fl-e2"/>
      </object_component>
      <object_component id="oc-191">
         <name>.const:$O1$$</name>
         <load_address>0x5b48</load_address>
         <run_address>0x5b48</run_address>
         <size>0x30</size>
         <input_file_ref idref="fl-c5"/>
      </object_component>
      <object_component id="oc-1ff">
         <name>.const:.string:lineAddresses$2</name>
         <load_address>0x5b78</load_address>
         <run_address>0x5b78</run_address>
         <size>0x4</size>
         <input_file_ref idref="fl-5"/>
      </object_component>
      <object_component id="oc-548">
         <name>.cinit..data.load</name>
         <load_address>0x5b80</load_address>
         <run_address>0x5b80</run_address>
         <size>0x78</size>
      </object_component>
      <object_component id="oc-545">
         <name>__TI_handler_table</name>
         <load_address>0x5bf8</load_address>
         <run_address>0x5bf8</run_address>
         <size>0xc</size>
      </object_component>
      <object_component id="oc-549">
         <name>.cinit..bss.load</name>
         <load_address>0x5c08</load_address>
         <run_address>0x5c08</run_address>
         <size>0x8</size>
      </object_component>
      <object_component id="oc-547">
         <name>.cinit..vtable.load</name>
         <load_address>0x5c10</load_address>
         <run_address>0x5c10</run_address>
         <size>0x8</size>
      </object_component>
      <object_component id="oc-546">
         <name>__TI_cinit_table</name>
         <load_address>0x5c18</load_address>
         <run_address>0x5c18</run_address>
         <size>0x18</size>
      </object_component>
      <object_component id="oc-209">
         <name>.vtable</name>
         <uninitialized>true</uninitialized>
         <run_address>0x20000000</run_address>
         <size>0x26c</size>
         <input_file_ref idref="fl-10d"/>
      </object_component>
      <object_component id="oc-fa">
         <name>.data</name>
         <load_address>0x20004180</load_address>
         <run_address>0x20004180</run_address>
         <size>0x14</size>
         <input_file_ref idref="fl-6"/>
      </object_component>
      <object_component id="oc-204">
         <name>.data</name>
         <load_address>0x200041c4</load_address>
         <run_address>0x200041c4</run_address>
         <size>0x8</size>
         <input_file_ref idref="fl-8"/>
      </object_component>
      <object_component id="oc-258">
         <name>.data</name>
         <load_address>0x200041cc</load_address>
         <run_address>0x200041cc</run_address>
         <size>0x4</size>
         <input_file_ref idref="fl-d7"/>
      </object_component>
      <object_component id="oc-23a">
         <name>.data:$O1$$</name>
         <load_address>0x200041a4</load_address>
         <run_address>0x200041a4</run_address>
         <size>0xc</size>
         <input_file_ref idref="fl-d8"/>
      </object_component>
      <object_component id="oc-1b6">
         <name>.data:$O1$$</name>
         <load_address>0x200041bc</load_address>
         <run_address>0x200041bc</run_address>
         <size>0x8</size>
         <input_file_ref idref="fl-d9"/>
      </object_component>
      <object_component id="oc-1b9">
         <name>.data:_ftable</name>
         <load_address>0x20003fc8</load_address>
         <run_address>0x20003fc8</run_address>
         <size>0xf0</size>
         <input_file_ref idref="fl-eb"/>
      </object_component>
      <object_component id="oc-476">
         <name>.data</name>
         <load_address>0x20004194</load_address>
         <run_address>0x20004194</run_address>
         <size>0x10</size>
         <input_file_ref idref="fl-eb"/>
      </object_component>
      <object_component id="oc-444">
         <name>.data:_device</name>
         <load_address>0x200040b8</load_address>
         <run_address>0x200040b8</run_address>
         <size>0x78</size>
         <input_file_ref idref="fl-f2"/>
      </object_component>
      <object_component id="oc-409">
         <name>.data:_stream</name>
         <load_address>0x20004130</load_address>
         <run_address>0x20004130</run_address>
         <size>0x50</size>
         <input_file_ref idref="fl-f2"/>
      </object_component>
      <object_component id="oc-46b">
         <name>.data:$O1$$</name>
         <load_address>0x200041b0</load_address>
         <run_address>0x200041b0</run_address>
         <size>0xc</size>
         <input_file_ref idref="fl-104"/>
      </object_component>
      <object_component id="oc-200">
         <name>.bss:lastbuffer$3</name>
         <uninitialized>true</uninitialized>
         <run_address>0x20001f6c</run_address>
         <size>0x54</size>
         <input_file_ref idref="fl-5"/>
      </object_component>
      <object_component id="oc-4e8">
         <name>.bss:_CIOBUF_</name>
         <uninitialized>true</uninitialized>
         <run_address>0x20001dac</run_address>
         <size>0x120</size>
         <input_file_ref idref="fl-102"/>
      </object_component>
      <object_component id="oc-fd">
         <name>.common:plot</name>
         <uninitialized>true</uninitialized>
         <run_address>0x2000026c</run_address>
         <size>0x1b40</size>
      </object_component>
      <object_component id="oc-4bb">
         <name>.common:__TI_tmpnams</name>
         <uninitialized>true</uninitialized>
         <run_address>0x20001ecc</run_address>
         <size>0xa0</size>
      </object_component>
      <object_component id="oc-4cc">
         <name>.common:parmbuf</name>
         <uninitialized>true</uninitialized>
         <run_address>0x20001fc0</run_address>
         <size>0x8</size>
      </object_component>
      <object_component id="oc-24">
         <name>.sysmem</name>
         <uninitialized>true</uninitialized>
         <run_address>0x20002fc8</run_address>
         <size>0x8</size>
         <input_file_ref idref="fl-104"/>
      </object_component>
      <object_component id="oc-54b">
         <name>.sysmem</name>
         <uninitialized>true</uninitialized>
         <run_address>0x20002fc8</run_address>
         <size>0x0</size>
      </object_component>
      <object_component id="oc-21">
         <name>.stack</name>
         <uninitialized>true</uninitialized>
         <run_address>0x20001fc8</run_address>
         <size>0x4</size>
         <input_file_ref idref="fl-d6"/>
      </object_component>
      <object_component id="oc-54a">
         <name>.stack</name>
         <uninitialized>true</uninitialized>
         <run_address>0x20001fc8</run_address>
         <size>0x0</size>
      </object_component>
      <object_component id="oc-c2">
         <name>.debug_info</name>
         <load_address>0x0</load_address>
         <run_address>0x0</run_address>
         <size>0x287</size>
         <input_file_ref idref="fl-2"/>
      </object_component>
      <object_component id="oc-1e0">
         <name>.debug_info</name>
         <load_address>0x287</load_address>
         <run_address>0x287</run_address>
         <size>0x3f3</size>
         <input_file_ref idref="fl-2"/>
      </object_component>
      <object_component id="oc-74">
         <name>.debug_info</name>
         <load_address>0x67a</load_address>
         <run_address>0x67a</run_address>
         <size>0x26b</size>
         <input_file_ref idref="fl-2"/>
      </object_component>
      <object_component id="oc-36">
         <name>.debug_info</name>
         <load_address>0x8e5</load_address>
         <run_address>0x8e5</run_address>
         <size>0x84</size>
         <input_file_ref idref="fl-2"/>
      </object_component>
      <object_component id="oc-bd">
         <name>.debug_info</name>
         <load_address>0x969</load_address>
         <run_address>0x969</run_address>
         <size>0x297</size>
         <input_file_ref idref="fl-2"/>
      </object_component>
      <object_component id="oc-79">
         <name>.debug_info</name>
         <load_address>0xc00</load_address>
         <run_address>0xc00</run_address>
         <size>0xbb</size>
         <input_file_ref idref="fl-2"/>
      </object_component>
      <object_component id="oc-2dd">
         <name>.debug_info</name>
         <load_address>0xcbb</load_address>
         <run_address>0xcbb</run_address>
         <size>0x2c</size>
         <input_file_ref idref="fl-2"/>
      </object_component>
      <object_component id="oc-cb">
         <name>.debug_info</name>
         <load_address>0xce7</load_address>
         <run_address>0xce7</run_address>
         <size>0x2c</size>
         <input_file_ref idref="fl-3"/>
      </object_component>
      <object_component id="oc-107">
         <name>.debug_info</name>
         <load_address>0xd13</load_address>
         <run_address>0xd13</run_address>
         <size>0x168</size>
         <input_file_ref idref="fl-4"/>
      </object_component>
      <object_component id="oc-202">
         <name>.debug_info</name>
         <load_address>0xe7b</load_address>
         <run_address>0xe7b</run_address>
         <size>0x388</size>
         <input_file_ref idref="fl-5"/>
      </object_component>
      <object_component id="oc-1e6">
         <name>.debug_info</name>
         <load_address>0x1203</load_address>
         <run_address>0x1203</run_address>
         <size>0x123</size>
         <input_file_ref idref="fl-5"/>
      </object_component>
      <object_component id="oc-101">
         <name>.debug_info</name>
         <load_address>0x1326</load_address>
         <run_address>0x1326</run_address>
         <size>0x841</size>
         <input_file_ref idref="fl-5"/>
      </object_component>
      <object_component id="oc-1da">
         <name>.debug_info</name>
         <load_address>0x1b67</load_address>
         <run_address>0x1b67</run_address>
         <size>0xcc</size>
         <input_file_ref idref="fl-5"/>
      </object_component>
      <object_component id="oc-1ca">
         <name>.debug_info</name>
         <load_address>0x1c33</load_address>
         <run_address>0x1c33</run_address>
         <size>0x2c</size>
         <input_file_ref idref="fl-5"/>
      </object_component>
      <object_component id="oc-fe">
         <name>.debug_info</name>
         <load_address>0x1c5f</load_address>
         <run_address>0x1c5f</run_address>
         <size>0x5b5</size>
         <input_file_ref idref="fl-6"/>
      </object_component>
      <object_component id="oc-fb">
         <name>.debug_info</name>
         <load_address>0x2214</load_address>
         <run_address>0x2214</run_address>
         <size>0x15b</size>
         <input_file_ref idref="fl-6"/>
      </object_component>
      <object_component id="oc-a0">
         <name>.debug_info</name>
         <load_address>0x236f</load_address>
         <run_address>0x236f</run_address>
         <size>0x77d</size>
         <input_file_ref idref="fl-6"/>
      </object_component>
      <object_component id="oc-1d5">
         <name>.debug_info</name>
         <load_address>0x2aec</load_address>
         <run_address>0x2aec</run_address>
         <size>0xa5</size>
         <input_file_ref idref="fl-6"/>
      </object_component>
      <object_component id="oc-140">
         <name>.debug_info</name>
         <load_address>0x2b91</load_address>
         <run_address>0x2b91</run_address>
         <size>0x8b</size>
         <input_file_ref idref="fl-6"/>
      </object_component>
      <object_component id="oc-114">
         <name>.debug_info</name>
         <load_address>0x2c1c</load_address>
         <run_address>0x2c1c</run_address>
         <size>0x157</size>
         <input_file_ref idref="fl-7"/>
      </object_component>
      <object_component id="oc-205">
         <name>.debug_info</name>
         <load_address>0x2d73</load_address>
         <run_address>0x2d73</run_address>
         <size>0xe7</size>
         <input_file_ref idref="fl-8"/>
      </object_component>
      <object_component id="oc-10d">
         <name>.debug_info</name>
         <load_address>0x2e5a</load_address>
         <run_address>0x2e5a</run_address>
         <size>0x246</size>
         <input_file_ref idref="fl-8"/>
      </object_component>
      <object_component id="oc-2f">
         <name>.debug_info</name>
         <load_address>0x30a0</load_address>
         <run_address>0x30a0</run_address>
         <size>0x2aa</size>
         <input_file_ref idref="fl-9"/>
      </object_component>
      <object_component id="oc-10">
         <name>.debug_info</name>
         <load_address>0x334a</load_address>
         <run_address>0x334a</run_address>
         <size>0xe9</size>
         <input_file_ref idref="fl-9"/>
      </object_component>
      <object_component id="oc-2a">
         <name>.debug_info</name>
         <load_address>0x3433</load_address>
         <run_address>0x3433</run_address>
         <size>0x265</size>
         <input_file_ref idref="fl-9"/>
      </object_component>
      <object_component id="oc-1d0">
         <name>.debug_info</name>
         <load_address>0x3698</load_address>
         <run_address>0x3698</run_address>
         <size>0x263</size>
         <input_file_ref idref="fl-a"/>
      </object_component>
      <object_component id="oc-f6">
         <name>.debug_info</name>
         <load_address>0x38fb</load_address>
         <run_address>0x38fb</run_address>
         <size>0x270</size>
         <input_file_ref idref="fl-a"/>
      </object_component>
      <object_component id="oc-1aa">
         <name>.debug_info</name>
         <load_address>0x3b6b</load_address>
         <run_address>0x3b6b</run_address>
         <size>0x358</size>
         <input_file_ref idref="fl-c5"/>
      </object_component>
      <object_component id="oc-192">
         <name>.debug_info</name>
         <load_address>0x3ec3</load_address>
         <run_address>0x3ec3</run_address>
         <size>0x11d</size>
         <input_file_ref idref="fl-c5"/>
      </object_component>
      <object_component id="oc-d6">
         <name>.debug_info</name>
         <load_address>0x3fe0</load_address>
         <run_address>0x3fe0</run_address>
         <size>0xbd9</size>
         <input_file_ref idref="fl-c5"/>
      </object_component>
      <object_component id="oc-26e">
         <name>.debug_info</name>
         <load_address>0x4bb9</load_address>
         <run_address>0x4bb9</run_address>
         <size>0x46</size>
         <input_file_ref idref="fl-c5"/>
      </object_component>
      <object_component id="oc-1a5">
         <name>.debug_info</name>
         <load_address>0x4bff</load_address>
         <run_address>0x4bff</run_address>
         <size>0x39</size>
         <input_file_ref idref="fl-c5"/>
      </object_component>
      <object_component id="oc-257">
         <name>.debug_info</name>
         <load_address>0x4c38</load_address>
         <run_address>0x4c38</run_address>
         <size>0x2bf</size>
         <input_file_ref idref="fl-c6"/>
      </object_component>
      <object_component id="oc-189">
         <name>.debug_info</name>
         <load_address>0x4ef7</load_address>
         <run_address>0x4ef7</run_address>
         <size>0x242</size>
         <input_file_ref idref="fl-c6"/>
      </object_component>
      <object_component id="oc-268">
         <name>.debug_info</name>
         <load_address>0x5139</load_address>
         <run_address>0x5139</run_address>
         <size>0x2f2</size>
         <input_file_ref idref="fl-c7"/>
      </object_component>
      <object_component id="oc-1a2">
         <name>.debug_info</name>
         <load_address>0x542b</load_address>
         <run_address>0x542b</run_address>
         <size>0x21a</size>
         <input_file_ref idref="fl-c7"/>
      </object_component>
      <object_component id="oc-33e">
         <name>.debug_info</name>
         <load_address>0x5645</load_address>
         <run_address>0x5645</run_address>
         <size>0x39</size>
         <input_file_ref idref="fl-c7"/>
      </object_component>
      <object_component id="oc-269">
         <name>.debug_info</name>
         <load_address>0x567e</load_address>
         <run_address>0x567e</run_address>
         <size>0x2c</size>
         <input_file_ref idref="fl-c7"/>
      </object_component>
      <object_component id="oc-238">
         <name>.debug_info</name>
         <load_address>0x56aa</load_address>
         <run_address>0x56aa</run_address>
         <size>0x3be</size>
         <input_file_ref idref="fl-c8"/>
      </object_component>
      <object_component id="oc-13c">
         <name>.debug_info</name>
         <load_address>0x5a68</load_address>
         <run_address>0x5a68</run_address>
         <size>0x5c9</size>
         <input_file_ref idref="fl-c8"/>
      </object_component>
      <object_component id="oc-262">
         <name>.debug_info</name>
         <load_address>0x6031</load_address>
         <run_address>0x6031</run_address>
         <size>0x156</size>
         <input_file_ref idref="fl-c9"/>
      </object_component>
      <object_component id="oc-e1">
         <name>.debug_info</name>
         <load_address>0x6187</load_address>
         <run_address>0x6187</run_address>
         <size>0x144</size>
         <input_file_ref idref="fl-ca"/>
      </object_component>
      <object_component id="oc-196">
         <name>.debug_info</name>
         <load_address>0x62cb</load_address>
         <run_address>0x62cb</run_address>
         <size>0x120</size>
         <input_file_ref idref="fl-cb"/>
      </object_component>
      <object_component id="oc-19a">
         <name>.debug_info</name>
         <load_address>0x63eb</load_address>
         <run_address>0x63eb</run_address>
         <size>0x122</size>
         <input_file_ref idref="fl-cb"/>
      </object_component>
      <object_component id="oc-137">
         <name>.debug_info</name>
         <load_address>0x650d</load_address>
         <run_address>0x650d</run_address>
         <size>0x132</size>
         <input_file_ref idref="fl-cc"/>
      </object_component>
      <object_component id="oc-eb">
         <name>.debug_info</name>
         <load_address>0x663f</load_address>
         <run_address>0x663f</run_address>
         <size>0x132</size>
         <input_file_ref idref="fl-cd"/>
      </object_component>
      <object_component id="oc-126">
         <name>.debug_info</name>
         <load_address>0x6771</load_address>
         <run_address>0x6771</run_address>
         <size>0x126</size>
         <input_file_ref idref="fl-ce"/>
      </object_component>
      <object_component id="oc-e7">
         <name>.debug_info</name>
         <load_address>0x6897</load_address>
         <run_address>0x6897</run_address>
         <size>0x131</size>
         <input_file_ref idref="fl-cf"/>
      </object_component>
      <object_component id="oc-132">
         <name>.debug_info</name>
         <load_address>0x69c8</load_address>
         <run_address>0x69c8</run_address>
         <size>0x124</size>
         <input_file_ref idref="fl-d0"/>
      </object_component>
      <object_component id="oc-dc">
         <name>.debug_info</name>
         <load_address>0x6aec</load_address>
         <run_address>0x6aec</run_address>
         <size>0x126</size>
         <input_file_ref idref="fl-d1"/>
      </object_component>
      <object_component id="oc-94">
         <name>.debug_info</name>
         <load_address>0x6c12</load_address>
         <run_address>0x6c12</run_address>
         <size>0x13f</size>
         <input_file_ref idref="fl-d2"/>
      </object_component>
      <object_component id="oc-92">
         <name>.debug_info</name>
         <load_address>0x6d51</load_address>
         <run_address>0x6d51</run_address>
         <size>0x313</size>
         <input_file_ref idref="fl-d3"/>
      </object_component>
      <object_component id="oc-4e">
         <name>.debug_info</name>
         <load_address>0x7064</load_address>
         <run_address>0x7064</run_address>
         <size>0x1aa</size>
         <input_file_ref idref="fl-d3"/>
      </object_component>
      <object_component id="oc-8d">
         <name>.debug_info</name>
         <load_address>0x720e</load_address>
         <run_address>0x720e</run_address>
         <size>0x46</size>
         <input_file_ref idref="fl-d3"/>
      </object_component>
      <object_component id="oc-46">
         <name>.debug_info</name>
         <load_address>0x7254</load_address>
         <run_address>0x7254</run_address>
         <size>0x29d</size>
         <input_file_ref idref="fl-d4"/>
      </object_component>
      <object_component id="oc-1c">
         <name>.debug_info</name>
         <load_address>0x74f1</load_address>
         <run_address>0x74f1</run_address>
         <size>0x1df</size>
         <input_file_ref idref="fl-d4"/>
      </object_component>
      <object_component id="oc-41">
         <name>.debug_info</name>
         <load_address>0x76d0</load_address>
         <run_address>0x76d0</run_address>
         <size>0x46</size>
         <input_file_ref idref="fl-d4"/>
      </object_component>
      <object_component id="oc-85">
         <name>.debug_info</name>
         <load_address>0x7716</load_address>
         <run_address>0x7716</run_address>
         <size>0x2c</size>
         <input_file_ref idref="fl-d4"/>
      </object_component>
      <object_component id="oc-83">
         <name>.debug_info</name>
         <load_address>0x7742</load_address>
         <run_address>0x7742</run_address>
         <size>0x293</size>
         <input_file_ref idref="fl-d5"/>
      </object_component>
      <object_component id="oc-13">
         <name>.debug_info</name>
         <load_address>0x79d5</load_address>
         <run_address>0x79d5</run_address>
         <size>0x245</size>
         <input_file_ref idref="fl-d5"/>
      </object_component>
      <object_component id="oc-31">
         <name>.debug_info</name>
         <load_address>0x7c1a</load_address>
         <run_address>0x7c1a</run_address>
         <size>0x60</size>
         <input_file_ref idref="fl-d5"/>
      </object_component>
      <object_component id="oc-c4">
         <name>.debug_info</name>
         <load_address>0x7c7a</load_address>
         <run_address>0x7c7a</run_address>
         <size>0x46</size>
         <input_file_ref idref="fl-d5"/>
      </object_component>
      <object_component id="oc-7e">
         <name>.debug_info</name>
         <load_address>0x7cc0</load_address>
         <run_address>0x7cc0</run_address>
         <size>0x39</size>
         <input_file_ref idref="fl-d5"/>
      </object_component>
      <object_component id="oc-22">
         <name>.debug_info</name>
         <load_address>0x7cf9</load_address>
         <run_address>0x7cf9</run_address>
         <size>0x100</size>
         <input_file_ref idref="fl-d6"/>
      </object_component>
      <object_component id="oc-5b">
         <name>.debug_info</name>
         <load_address>0x7df9</load_address>
         <run_address>0x7df9</run_address>
         <size>0x1a4</size>
         <input_file_ref idref="fl-d6"/>
      </object_component>
      <object_component id="oc-25c">
         <name>.debug_info</name>
         <load_address>0x7f9d</load_address>
         <run_address>0x7f9d</run_address>
         <size>0x27e</size>
         <input_file_ref idref="fl-d7"/>
      </object_component>
      <object_component id="oc-259">
         <name>.debug_info</name>
         <load_address>0x821b</load_address>
         <run_address>0x821b</run_address>
         <size>0x103</size>
         <input_file_ref idref="fl-d7"/>
      </object_component>
      <object_component id="oc-18d">
         <name>.debug_info</name>
         <load_address>0x831e</load_address>
         <run_address>0x831e</run_address>
         <size>0x143</size>
         <input_file_ref idref="fl-d7"/>
      </object_component>
      <object_component id="oc-23e">
         <name>.debug_info</name>
         <load_address>0x8461</load_address>
         <run_address>0x8461</run_address>
         <size>0x3a2</size>
         <input_file_ref idref="fl-d8"/>
      </object_component>
      <object_component id="oc-23b">
         <name>.debug_info</name>
         <load_address>0x8803</load_address>
         <run_address>0x8803</run_address>
         <size>0x185</size>
         <input_file_ref idref="fl-d8"/>
      </object_component>
      <object_component id="oc-147">
         <name>.debug_info</name>
         <load_address>0x8988</load_address>
         <run_address>0x8988</run_address>
         <size>0x117</size>
         <input_file_ref idref="fl-d8"/>
      </object_component>
      <object_component id="oc-14c">
         <name>.debug_info</name>
         <load_address>0x8a9f</load_address>
         <run_address>0x8a9f</run_address>
         <size>0x179</size>
         <input_file_ref idref="fl-d8"/>
      </object_component>
      <object_component id="oc-2bf">
         <name>.debug_info</name>
         <load_address>0x8c18</load_address>
         <run_address>0x8c18</run_address>
         <size>0x2be</size>
         <input_file_ref idref="fl-d9"/>
      </object_component>
      <object_component id="oc-1b7">
         <name>.debug_info</name>
         <load_address>0x8ed6</load_address>
         <run_address>0x8ed6</run_address>
         <size>0x113</size>
         <input_file_ref idref="fl-d9"/>
      </object_component>
      <object_component id="oc-2b8">
         <name>.debug_info</name>
         <load_address>0x8fe9</load_address>
         <run_address>0x8fe9</run_address>
         <size>0x123</size>
         <input_file_ref idref="fl-d9"/>
      </object_component>
      <object_component id="oc-1c9">
         <name>.debug_info</name>
         <load_address>0x910c</load_address>
         <run_address>0x910c</run_address>
         <size>0x3da</size>
         <input_file_ref idref="fl-db"/>
      </object_component>
      <object_component id="oc-1c3">
         <name>.debug_info</name>
         <load_address>0x94e6</load_address>
         <run_address>0x94e6</run_address>
         <size>0x14c</size>
         <input_file_ref idref="fl-db"/>
      </object_component>
      <object_component id="oc-1bd">
         <name>.debug_info</name>
         <load_address>0x9632</load_address>
         <run_address>0x9632</run_address>
         <size>0x15b</size>
         <input_file_ref idref="fl-db"/>
      </object_component>
      <object_component id="oc-ef">
         <name>.debug_info</name>
         <load_address>0x978d</load_address>
         <run_address>0x978d</run_address>
         <size>0x1a1</size>
         <input_file_ref idref="fl-db"/>
      </object_component>
      <object_component id="oc-2d5">
         <name>.debug_info</name>
         <load_address>0x992e</load_address>
         <run_address>0x992e</run_address>
         <size>0xb2</size>
         <input_file_ref idref="fl-db"/>
      </object_component>
      <object_component id="oc-228">
         <name>.debug_info</name>
         <load_address>0x99e0</load_address>
         <run_address>0x99e0</run_address>
         <size>0x328</size>
         <input_file_ref idref="fl-dc"/>
      </object_component>
      <object_component id="oc-12a">
         <name>.debug_info</name>
         <load_address>0x9d08</load_address>
         <run_address>0x9d08</run_address>
         <size>0x1c6</size>
         <input_file_ref idref="fl-dc"/>
      </object_component>
      <object_component id="oc-21c">
         <name>.debug_info</name>
         <load_address>0x9ece</load_address>
         <run_address>0x9ece</run_address>
         <size>0x182</size>
         <input_file_ref idref="fl-dc"/>
      </object_component>
      <object_component id="oc-222">
         <name>.debug_info</name>
         <load_address>0xa050</load_address>
         <run_address>0xa050</run_address>
         <size>0x162</size>
         <input_file_ref idref="fl-dc"/>
      </object_component>
      <object_component id="oc-2f0">
         <name>.debug_info</name>
         <load_address>0xa1b2</load_address>
         <run_address>0xa1b2</run_address>
         <size>0x2c</size>
         <input_file_ref idref="fl-dc"/>
      </object_component>
      <object_component id="oc-2fb">
         <name>.debug_info</name>
         <load_address>0xa1de</load_address>
         <run_address>0xa1de</run_address>
         <size>0x27f</size>
         <input_file_ref idref="fl-dd"/>
      </object_component>
      <object_component id="oc-1f3">
         <name>.debug_info</name>
         <load_address>0xa45d</load_address>
         <run_address>0xa45d</run_address>
         <size>0x258</size>
         <input_file_ref idref="fl-dd"/>
      </object_component>
      <object_component id="oc-2fd">
         <name>.debug_info</name>
         <load_address>0xa6b5</load_address>
         <run_address>0xa6b5</run_address>
         <size>0x299</size>
         <input_file_ref idref="fl-de"/>
      </object_component>
      <object_component id="oc-1f9">
         <name>.debug_info</name>
         <load_address>0xa94e</load_address>
         <run_address>0xa94e</run_address>
         <size>0x231</size>
         <input_file_ref idref="fl-de"/>
      </object_component>
      <object_component id="oc-344">
         <name>.debug_info</name>
         <load_address>0xab7f</load_address>
         <run_address>0xab7f</run_address>
         <size>0x284</size>
         <input_file_ref idref="fl-df"/>
      </object_component>
      <object_component id="oc-277">
         <name>.debug_info</name>
         <load_address>0xae03</load_address>
         <run_address>0xae03</run_address>
         <size>0x22a</size>
         <input_file_ref idref="fl-df"/>
      </object_component>
      <object_component id="oc-2ef">
         <name>.debug_info</name>
         <load_address>0xb02d</load_address>
         <run_address>0xb02d</run_address>
         <size>0x335</size>
         <input_file_ref idref="fl-e0"/>
      </object_component>
      <object_component id="oc-1ed">
         <name>.debug_info</name>
         <load_address>0xb362</load_address>
         <run_address>0xb362</run_address>
         <size>0x1fd</size>
         <input_file_ref idref="fl-e0"/>
      </object_component>
      <object_component id="oc-2e3">
         <name>.debug_info</name>
         <load_address>0xb55f</load_address>
         <run_address>0xb55f</run_address>
         <size>0x1bb</size>
         <input_file_ref idref="fl-e0"/>
      </object_component>
      <object_component id="oc-2ea">
         <name>.debug_info</name>
         <load_address>0xb71a</load_address>
         <run_address>0xb71a</run_address>
         <size>0x16e</size>
         <input_file_ref idref="fl-e0"/>
      </object_component>
      <object_component id="oc-2f5">
         <name>.debug_info</name>
         <load_address>0xb888</load_address>
         <run_address>0xb888</run_address>
         <size>0x69</size>
         <input_file_ref idref="fl-e0"/>
      </object_component>
      <object_component id="oc-315">
         <name>.debug_info</name>
         <load_address>0xb8f1</load_address>
         <run_address>0xb8f1</run_address>
         <size>0x39f</size>
         <input_file_ref idref="fl-e1"/>
      </object_component>
      <object_component id="oc-312">
         <name>.debug_info</name>
         <load_address>0xbc90</load_address>
         <run_address>0xbc90</run_address>
         <size>0x12f</size>
         <input_file_ref idref="fl-e1"/>
      </object_component>
      <object_component id="oc-22e">
         <name>.debug_info</name>
         <load_address>0xbdbf</load_address>
         <run_address>0xbdbf</run_address>
         <size>0x724</size>
         <input_file_ref idref="fl-e1"/>
      </object_component>
      <object_component id="oc-31b">
         <name>.debug_info</name>
         <load_address>0xc4e3</load_address>
         <run_address>0xc4e3</run_address>
         <size>0x295</size>
         <input_file_ref idref="fl-e2"/>
      </object_component>
      <object_component id="oc-318">
         <name>.debug_info</name>
         <load_address>0xc778</load_address>
         <run_address>0xc778</run_address>
         <size>0xef</size>
         <input_file_ref idref="fl-e2"/>
      </object_component>
      <object_component id="oc-234">
         <name>.debug_info</name>
         <load_address>0xc867</load_address>
         <run_address>0xc867</run_address>
         <size>0x5c4</size>
         <input_file_ref idref="fl-e2"/>
      </object_component>
      <object_component id="oc-3bd">
         <name>.debug_info</name>
         <load_address>0xce2b</load_address>
         <run_address>0xce2b</run_address>
         <size>0x284</size>
         <input_file_ref idref="fl-e3"/>
      </object_component>
      <object_component id="oc-30f">
[...]
      </symbol>
      <symbol id="sm-195">
         <name>match</name>
         <value>0x200041c4</value>
         <object_component_ref idref="oc-204"/>
      </symbol>
      <symbol id="sm-1b1">
         <name>ResetISR</name>
         <value>0x583b</value>
         <object_component_ref idref="oc-27"/>
      </symbol>
      <symbol id="sm-1b2">
         <name>g_pfnVectors</name>
         <value>0x0</value>
         <object_component_ref idref="oc-f"/>
      </symbol>
      <symbol id="sm-1d4">
         <name>uart_sendChar</name>
         <value>0x3ee5</value>
         <object_component_ref idref="oc-f4"/>
      </symbol>
      <symbol id="sm-1d5">
         <name>uart_init</name>
         <value>0x3e5d</value>
         <object_component_ref idref="oc-f4"/>
      </symbol>
      <symbol id="sm-1d6">
         <name>uart_receive</name>
         <value>0x3f01</value>
         <object_component_ref idref="oc-f4"/>
      </symbol>
      <symbol id="sm-1d7">
         <name>uart_sendStr</name>
         <value>0x3f27</value>
         <object_component_ref idref="oc-f4"/>
      </symbol>
      <symbol id="sm-26c">
         <name>pow</name>
         <value>0xccd</value>
         <object_component_ref idref="oc-d4"/>
      </symbol>
      <symbol id="sm-26d">
         <name>powl</name>
         <value>0xccd</value>
         <object_component_ref idref="oc-d4"/>
      </symbol>
      <symbol id="sm-28f">
         <name>sqrtl</name>
         <value>0x36dd</value>
         <object_component_ref idref="oc-185"/>
      </symbol>
      <symbol id="sm-290">
         <name>sqrt</name>
         <value>0x36dd</value>
         <object_component_ref idref="oc-185"/>
      </symbol>
      <symbol id="sm-2b7">
         <name>scalbn</name>
         <value>0x408d</value>
         <object_component_ref idref="oc-19e"/>
      </symbol>
      <symbol id="sm-2b8">
         <name>scalbnl</name>
         <value>0x408d</value>
         <object_component_ref idref="oc-19e"/>
      </symbol>
      <symbol id="sm-2b9">
         <name>ldexpl</name>
         <value>0x408d</value>
         <object_component_ref idref="oc-19e"/>
      </symbol>
      <symbol id="sm-2ba">
         <name>ldexp</name>
         <value>0x408d</value>
         <object_component_ref idref="oc-19e"/>
      </symbol>
      <symbol id="sm-30a">
         <name>tanl</name>
         <value>0x2481</value>
         <object_component_ref idref="oc-139"/>
      </symbol>
      <symbol id="sm-30b">
         <name>tan</name>
         <value>0x2481</value>
         <object_component_ref idref="oc-139"/>
      </symbol>
      <symbol id="sm-315">
         <name>copysign</name>
         <value>0x57a7</value>
         <object_component_ref idref="oc-261"/>
      </symbol>
      <symbol id="sm-316">
         <name>copysignl</name>
         <value>0x57a7</value>
         <object_component_ref idref="oc-261"/>
      </symbol>
      <symbol id="sm-32d">
         <name>__aeabi_dsub</name>
         <value>0x33cd</value>
         <object_component_ref idref="oc-df"/>
      </symbol>
      <symbol id="sm-32e">
         <name>__aeabi_dadd</name>
         <value>0x33d7</value>
         <object_component_ref idref="oc-df"/>
      </symbol>
      <symbol id="sm-350">
         <name>__aeabi_cdcmpeq</name>
         <value>0x48ad</value>
         <object_component_ref idref="oc-194"/>
      </symbol>
      <symbol id="sm-351">
         <name>__aeabi_cdcmple</name>
         <value>0x48ad</value>
         <object_component_ref idref="oc-194"/>
      </symbol>
      <symbol id="sm-352">
         <name>__aeabi_cdrcmple</name>
         <value>0x4933</value>
         <object_component_ref idref="oc-199"/>
      </symbol>
      <symbol id="sm-366">
         <name>__aeabi_ddiv</name>
         <value>0x3c05</value>
         <object_component_ref idref="oc-134"/>
      </symbol>
      <symbol id="sm-371">
         <name>__aeabi_dmul</name>
         <value>0x419d</value>
         <object_component_ref idref="oc-e9"/>
      </symbol>
      <symbol id="sm-37b">
         <name>__aeabi_d2iz</name>
         <value>0x51a5</value>
         <object_component_ref idref="oc-124"/>
      </symbol>
      <symbol id="sm-385">
         <name>__aeabi_d2uiz</name>
         <value>0x52fd</value>
         <object_component_ref idref="oc-e4"/>
      </symbol>
      <symbol id="sm-38f">
         <name>__aeabi_i2d</name>
         <value>0x5619</value>
         <object_component_ref idref="oc-12f"/>
      </symbol>
      <symbol id="sm-399">
         <name>__aeabi_ui2d</name>
         <value>0x570d</value>
         <object_component_ref idref="oc-da"/>
      </symbol>
      <symbol id="sm-3a8">
         <name>__aeabi_memset</name>
         <value>0x49bb</value>
         <object_component_ref idref="oc-93"/>
      </symbol>
      <symbol id="sm-3a9">
         <name>memset</name>
         <value>0x49c1</value>
         <object_component_ref idref="oc-93"/>
      </symbol>
      <symbol id="sm-3aa">
         <name>__aeabi_memset8</name>
         <value>0x49bb</value>
         <object_component_ref idref="oc-93"/>
      </symbol>
      <symbol id="sm-3ab">
         <name>__aeabi_memset4</name>
         <value>0x49bb</value>
         <object_component_ref idref="oc-93"/>
      </symbol>
      <symbol id="sm-3ac">
         <name>__aeabi_memclr8</name>
         <value>0x49b9</value>
         <object_component_ref idref="oc-93"/>
      </symbol>
      <symbol id="sm-3ad">
         <name>__aeabi_memclr4</name>
         <value>0x49b9</value>
         <object_component_ref idref="oc-93"/>
      </symbol>
      <symbol id="sm-3ae">
         <name>__aeabi_memclr</name>
         <value>0x49b9</value>
         <object_component_ref idref="oc-93"/>
      </symbol>
      <symbol id="sm-3c0">
         <name>__TI_zero_init</name>
         <value>0x582f</value>
         <object_component_ref idref="oc-4d"/>
      </symbol>
      <symbol id="sm-3d7">
         <name>__TI_decompress_none</name>
         <value>0x5815</value>
         <object_component_ref idref="oc-18"/>
      </symbol>
      <symbol id="sm-3fa">
         <name>__TI_decompress_lzss</name>
         <value>0x4c61</value>
         <object_component_ref idref="oc-12"/>
      </symbol>
      <symbol id="sm-40d">
         <name>__stack</name>
         <value>0x20001fc8</value>
         <object_component_ref idref="oc-21"/>
      </symbol>
      <symbol id="sm-40e">
         <name>_c_int00_noargs</name>
         <value>0x5475</value>
         <object_component_ref idref="oc-59"/>
      </symbol>
      <symbol id="sm-424">
         <name>__aeabi_errno_addr</name>
         <value>0x5851</value>
         <object_component_ref idref="oc-18b"/>
      </symbol>
      <symbol id="sm-425">
         <name>errno</name>
         <value>0x200041cc</value>
         <object_component_ref idref="oc-258"/>
      </symbol>
      <symbol id="sm-44b">
         <name>C$$EXIT</name>
         <value>0x5865</value>
         <object_component_ref idref="oc-145"/>
      </symbol>
      <symbol id="sm-44c">
         <name>abort</name>
         <value>0x5865</value>
         <object_component_ref idref="oc-145"/>
      </symbol>
      <symbol id="sm-44d">
         <name>__TI_dtors_ptr</name>
         <value>0x200041a8</value>
         <object_component_ref idref="oc-23a"/>
      </symbol>
      <symbol id="sm-44e">
         <name>__TI_cleanup_ptr</name>
         <value>0x200041a4</value>
         <object_component_ref idref="oc-23a"/>
      </symbol>
      <symbol id="sm-44f">
         <name>__TI_enable_exit_profile_output</name>
         <value>0x200041ac</value>
         <object_component_ref idref="oc-23a"/>
      </symbol>
      <symbol id="sm-450">
         <name>exit</name>
         <value>0x515d</value>
         <object_component_ref idref="oc-14b"/>
      </symbol>
      <symbol id="sm-465">
         <name>_nop</name>
         <value>0xccb</value>
         <object_component_ref idref="oc-2b7"/>
      </symbol>
      <symbol id="sm-466">
         <name>_lock</name>
         <value>0x200041bc</value>
         <object_component_ref idref="oc-1b6"/>
      </symbol>
      <symbol id="sm-467">
         <name>_unlock</name>
         <value>0x200041c0</value>
         <object_component_ref idref="oc-1b6"/>
      </symbol>
      <symbol id="sm-494">
         <name>printf</name>
         <value>0x4cc9</value>
         <object_component_ref idref="oc-ee"/>
      </symbol>
      <symbol id="sm-4bb">
         <name>sprintf</name>
         <value>0x5341</value>
         <object_component_ref idref="oc-129"/>
      </symbol>
      <symbol id="sm-4ca">
         <name>strcmp</name>
         <value>0x5779</value>
         <object_component_ref idref="oc-1f2"/>
      </symbol>
      <symbol id="sm-4d8">
         <name>strcpy</name>
         <value>0x57bb</value>
         <object_component_ref idref="oc-1f8"/>
      </symbol>
      <symbol id="sm-4e6">
         <name>strlen</name>
         <value>0x57cf</value>
         <object_component_ref idref="oc-275"/>
      </symbol>
      <symbol id="sm-510">
         <name>vsnprintf</name>
         <value>0x5381</value>
         <object_component_ref idref="oc-1ec"/>
      </symbol>
      <symbol id="sm-577">
         <name>__kernel_rem_pio2</name>
         <value>0x168d</value>
         <object_component_ref idref="oc-22b"/>
      </symbol>
      <symbol id="sm-595">
         <name>__kernel_tan</name>
         <value>0x2989</value>
         <object_component_ref idref="oc-231"/>
      </symbol>
      <symbol id="sm-5b2">
         <name>floorl</name>
         <value>0x4391</value>
         <object_component_ref idref="oc-30b"/>
      </symbol>
      <symbol id="sm-5b3">
         <name>floor</name>
         <value>0x4391</value>
         <object_component_ref idref="oc-30b"/>
      </symbol>
      <symbol id="sm-5ce">
         <name>memcpy</name>
         <value>0x46ef</value>
         <object_component_ref idref="oc-3b"/>
      </symbol>
      <symbol id="sm-5cf">
         <name>__aeabi_memcpy</name>
         <value>0x46ef</value>
         <object_component_ref idref="oc-3b"/>
      </symbol>
      <symbol id="sm-5d0">
         <name>__aeabi_memcpy8</name>
         <value>0x46ef</value>
         <object_component_ref idref="oc-3b"/>
      </symbol>
      <symbol id="sm-5d1">
         <name>__aeabi_memcpy4</name>
         <value>0x46ef</value>
         <object_component_ref idref="oc-3b"/>
      </symbol>
      <symbol id="sm-5f9">
         <name>__TI_auto_init_nobinit_nopinit</name>
         <value>0x5275</value>
         <object_component_ref idref="oc-151"/>
      </symbol>
      <symbol id="sm-603">
         <name>_system_pre_init</name>
         <value>0x5861</value>
         <object_component_ref idref="oc-99"/>
      </symbol>
      <symbol id="sm-769">
         <name>__TI_printfi</name>
         <value>0x26d</value>
         <object_component_ref idref="oc-1b0"/>
      </symbol>
      <symbol id="sm-77f">
         <name>atoi</name>
         <value>0x5111</value>
         <object_component_ref idref="oc-27b"/>
      </symbol>
      <symbol id="sm-78a">
         <name>_ctypes_</name>
         <value>0x59c0</value>
         <object_component_ref idref="oc-345"/>
      </symbol>
      <symbol id="sm-79f">
         <name>__TI_tmpnams</name>
         <value>0x20001ecc</value>
      </symbol>
      <symbol id="sm-7a0">
         <name>__aeabi_stdout</name>
         <value>0x2000419c</value>
         <object_component_ref idref="oc-476"/>
      </symbol>
      <symbol id="sm-7a1">
         <name>__aeabi_stderr</name>
         <value>0x200041a0</value>
         <object_component_ref idref="oc-476"/>
      </symbol>
      <symbol id="sm-7a2">
         <name>__aeabi_stdin</name>
         <value>0x20004198</value>
         <object_component_ref idref="oc-476"/>
      </symbol>
      <symbol id="sm-7a3">
         <name>_ftable</name>
         <value>0x20003fc8</value>
         <object_component_ref idref="oc-1b9"/>
      </symbol>
      <symbol id="sm-7a4">
         <name>__TI_ft_end</name>
         <value>0x20004194</value>
         <object_component_ref idref="oc-476"/>
      </symbol>
      <symbol id="sm-7b9">
         <name>putc</name>
         <value>0x4821</value>
         <object_component_ref idref="oc-2cc"/>
      </symbol>
      <symbol id="sm-7ba">
         <name>fputc</name>
         <value>0x4821</value>
         <object_component_ref idref="oc-2cc"/>
      </symbol>
      <symbol id="sm-7d8">
         <name>fputs</name>
         <value>0x3f79</value>
         <object_component_ref idref="oc-2c5"/>
      </symbol>
      <symbol id="sm-7e7">
         <name>ltoa</name>
         <value>0x501f</value>
         <object_component_ref idref="oc-350"/>
      </symbol>
      <symbol id="sm-7f7">
         <name>memccpy</name>
         <value>0x572d</value>
         <object_component_ref idref="oc-29f"/>
      </symbol>
      <symbol id="sm-807">
         <name>memchr</name>
         <value>0x56ed</value>
         <object_component_ref idref="oc-39e"/>
      </symbol>
      <symbol id="sm-817">
         <name>strchr</name>
         <value>0x5791</value>
         <object_component_ref idref="oc-377"/>
      </symbol>
      <symbol id="sm-83d">
         <name>_stream</name>
         <value>0x20004130</value>
         <object_component_ref idref="oc-409"/>
      </symbol>
      <symbol id="sm-83e">
         <name>_device</name>
         <value>0x200040b8</value>
         <object_component_ref idref="oc-444"/>
      </symbol>
      <symbol id="sm-83f">
         <name>write</name>
         <value>0x56c5</value>
         <object_component_ref idref="oc-3aa"/>
      </symbol>
      <symbol id="sm-855">
         <name>frexpl</name>
         <value>0x4d31</value>
         <object_component_ref idref="oc-371"/>
      </symbol>
      <symbol id="sm-856">
         <name>frexp</name>
         <value>0x4d31</value>
         <object_component_ref idref="oc-371"/>
      </symbol>
      <symbol id="sm-86f">
         <name>wcslen</name>
         <value>0x57e3</value>
         <object_component_ref idref="oc-2a5"/>
      </symbol>
      <symbol id="sm-87c">
         <name>__aeabi_uldivmod</name>
         <value>0x478b</value>
         <object_component_ref idref="oc-34a"/>
      </symbol>
      <symbol id="sm-894">
         <name>__TI_wrt_ok</name>
         <value>0x4df9</value>
         <object_component_ref idref="oc-398"/>
      </symbol>
      <symbol id="sm-8a4">
         <name>__TI_doflush</name>
         <value>0x50c5</value>
         <object_component_ref idref="oc-3a4"/>
      </symbol>
      <symbol id="sm-8b6">
         <name>fseek</name>
         <value>0x4d95</value>
         <object_component_ref idref="oc-3f7"/>
      </symbol>
      <symbol id="sm-8c6">
         <name>lseek</name>
         <value>0x5675</value>
         <object_component_ref idref="oc-41d"/>
      </symbol>
      <symbol id="sm-8e2">
         <name>setvbuf</name>
         <value>0x4489</value>
         <object_component_ref idref="oc-3fd"/>
      </symbol>
      <symbol id="sm-8f3">
         <name>HOSTclose</name>
         <value>0x51ed</value>
         <object_component_ref idref="oc-482"/>
      </symbol>
      <symbol id="sm-904">
         <name>HOSTlseek</name>
         <value>0x4b91</value>
         <object_component_ref idref="oc-494"/>
      </symbol>
      <symbol id="sm-916">
         <name>parmbuf</name>
         <value>0x20001fc0</value>
      </symbol>
      <symbol id="sm-917">
         <name>HOSTopen</name>
         <value>0x4e5d</value>
         <object_component_ref idref="oc-47c"/>
      </symbol>
      <symbol id="sm-928">
         <name>HOSTread</name>
         <value>0x4f19</value>
         <object_component_ref idref="oc-488"/>
      </symbol>
      <symbol id="sm-939">
         <name>HOSTrename</name>
         <value>0x4bf9</value>
         <object_component_ref idref="oc-4a0"/>
      </symbol>
      <symbol id="sm-94a">
         <name>HOSTunlink</name>
         <value>0x5231</value>
         <object_component_ref idref="oc-49a"/>
      </symbol>
      <symbol id="sm-95b">
         <name>HOSTwrite</name>
         <value>0x4f71</value>
         <object_component_ref idref="oc-48e"/>
      </symbol>
      <symbol id="sm-97f">
         <name>__TI_readmsg</name>
         <value>0x5585</value>
         <object_component_ref idref="oc-4c6"/>
      </symbol>
      <symbol id="sm-980">
         <name>C$$IO$$</name>
         <value>0x546b</value>
         <object_component_ref idref="oc-4c0"/>
      </symbol>
      <symbol id="sm-981">
         <name>__CIOBUF_</name>
         <value>0x20001dac</value>
         <object_component_ref idref="oc-4e8"/>
      </symbol>
      <symbol id="sm-982">
         <name>__TI_writemsg</name>
         <value>0x543d</value>
         <object_component_ref idref="oc-4c0"/>
      </symbol>
      <symbol id="sm-98c">
         <name>__aeabi_idiv0</name>
         <value>0x3583</value>
         <object_component_ref idref="oc-3d9"/>
      </symbol>
      <symbol id="sm-98d">
         <name>__aeabi_ldiv0</name>
         <value>0x3583</value>
         <object_component_ref idref="oc-3d9"/>
      </symbol>
      <symbol id="sm-a08">
         <name>_sys_memory</name>
         <value>0x20002fc8</value>
         <object_component_ref idref="oc-24"/>
      </symbol>
      <symbol id="sm-a09">
         <name>free</name>
         <value>0x4565</value>
         <object_component_ref idref="oc-425"/>
      </symbol>
      <symbol id="sm-a0a">
         <name>malloc</name>
         <value>0x4a35</value>
         <object_component_ref idref="oc-42b"/>
      </symbol>
      <symbol id="sm-a0b">
         <name>minit</name>
         <value>0x54ad</value>
         <object_component_ref idref="oc-459"/>
      </symbol>
      <symbol id="sm-a1b">
         <name>__TI_cleanup</name>
         <value>0x5551</value>
         <object_component_ref idref="oc-431"/>
      </symbol>
      <symbol id="sm-a31">
         <name>__TI_closefile</name>
         <value>0x4aad</value>
         <object_component_ref idref="oc-470"/>
      </symbol>
      <symbol id="sm-a54">
         <name>finddevice</name>
         <value>0x55e9</value>
         <object_component_ref idref="oc-504"/>
      </symbol>
      <symbol id="sm-a55">
         <name>getdevice</name>
         <value>0x52b9</value>
         <object_component_ref idref="oc-4de"/>
      </symbol>
      <symbol id="sm-a66">
         <name>strncpy</name>
         <value>0x54e5</value>
         <object_component_ref idref="oc-4fe"/>
      </symbol>
      <symbol id="sm-a76">
         <name>unlink</name>
         <value>0x5649</value>
         <object_component_ref idref="oc-4b5"/>
      </symbol>
      <symbol id="sm-a8a">
         <name>close</name>
         <value>0x4ebd</value>
         <object_component_ref idref="oc-4af"/>
      </symbol>
      <symbol id="sm-aaf">
         <name>IntRegister</name>
         <value>0x551d</value>
         <object_component_ref idref="oc-118"/>
      </symbol>
      <symbol id="sm-ab0">
         <name>g_pfnRAMVectors</name>
         <value>0x20000000</value>
         <object_component_ref idref="oc-209"/>
      </symbol>
      <symbol id="sm-ab1">
         <name>IntMasterEnable</name>
         <value>0x57f5</value>
         <object_component_ref idref="oc-11e"/>
      </symbol>
      <symbol id="sm-abb">
         <name>CPUcpsie</name>
         <value>0x5823</value>
         <object_component_ref idref="oc-213"/>
      </symbol>
      <symbol id="sm-abc">
         <name>__TI_static_base__</name>
         <value>0x0</value>
      </symbol>
      <symbol id="sm-abf">
         <name>__mpu_init</name>
         <value>0x0</value>
      </symbol>
      <symbol id="sm-ac0">
         <name>_system_post_cinit</name>
         <value>0x0</value>
      </symbol>
      <symbol id="sm-ac1">
         <name>remove</name>
         <value>0x5649</value>
      </symbol>
   </symbol_table>
   <title>Link successful</title>
</link_info>
