******************************************************************************
                  TI ARM Linker PC v18.1.1                     
******************************************************************************
>> Linked Tue Apr 17 20:35:50 2018

OUTPUT FILE NAME:   <FinalProj.out>
ENTRY POINT SYMBOL: "_c_int00_noargs"  address: 00005475


MEMORY CONFIGURATION

         name            origin    length      used     unused   attr    fill
----------------------  --------  ---------  --------  --------  ----  --------
  FLASH                 00000000   00040000  00005c2c  0003a3d4  R  X
  SRAM                  20000000   00008000  000041d0  00003e30  RW X


SEGMENT ALLOCATION MAP

run origin  load origin   length   init length attrs members
----------  ----------- ---------- ----------- ----- -------
00000000    00000000    00005c30   00005c30    r-x
  00000000    00000000    0000026c   0000026c    r-- .intvecs
  0000026c    0000026c    000055fc   000055fc    r-x .text
  00005868    00005868    00000314   00000314    r-- .const
  00005b80    00005b80    000000b0   000000b0    r-- .cinit
20000000    20000000    000041d0   00000000    rw-
  20000000    20000000    0000026c   00000000    rw- .vtable
  2000026c    2000026c    00001d5c   00000000    rw- .bss
  20001fc8    20001fc8    00001000   00000000    rw- .stack
  20002fc8    20002fc8    00001000   00000000    rw- .sysmem
  20003fc8    20003fc8    00000208   00000000    rw- .data


SECTION ALLOCATION MAP

 output                                  attributes/
section   page    origin      length       input sections
--------  ----  ----------  ----------   ----------------
.intvecs   0    00000000    0000026c     
                  00000000    0000026c     tm4c123gh6pm_startup_ccs.obj (.intvecs)

.text      0    0000026c    000055fc     
                  0000026c    00000a5e     rtsv7M4_T_le_v4SPD16_eabi.lib : _printfi.c.obj (.text:__TI_printfi)
                  00000cca    00000002                                   : _lock.c.obj (.text:_nop)
                  00000ccc    000009c0                                   : e_pow.c.obj (.text:pow)
                  0000168c    00000738                                   : k_rem_pio2.c.obj (.text:__kernel_rem_pio2)
                  00001dc4    000006bc     main.obj (.text)
                  00002480    00000508     rtsv7M4_T_le_v4SPD16_eabi.lib : s_tan.c.obj (.text:tan)
                  00002988    00000318                                   : k_tan.c.obj (.text:__kernel_tan)
                  00002ca0    000002ec     lcd.obj (.text)
                  00002f8c    00000270     rtsv7M4_T_le_v4SPD16_eabi.lib : _printfi.c.obj (.text:_pconv_a)
                  000031fc    000001d0                                   : _printfi.c.obj (.text:_pconv_g)
                  000033cc    000001b6                                   : fd_add_t2.asm.obj (.text)
                  00003582    00000002                                   : div0.asm.obj (.text)
                  00003584    00000158     Timer.obj (.text)
                  000036dc    00000158     rtsv7M4_T_le_v4SPD16_eabi.lib : e_sqrt.c.obj (.text:sqrt)
                  00003834    00000150     servo.obj (.text)
                  00003984    00000144     ping.obj (.text)
                  00003ac8    0000013c     rtsv7M4_T_le_v4SPD16_eabi.lib : _printfi.c.obj (.text:_pconv_e)
                  00003c04    00000136                                   : fd_div_t2.asm.obj (.text)
                  00003d3a    00000002     --HOLE-- [fill = 0]
                  00003d3c    00000120                                   : _printfi.c.obj (.text:fcvt)
                  00003e5c    0000011c     uart.obj (.text)
                  00003f78    00000114     rtsv7M4_T_le_v4SPD16_eabi.lib : fputs.c.obj (.text:fputs)
                  0000408c    00000110                                   : s_scalbn.c.obj (.text:scalbn)
                  0000419c    000000fc                                   : fd_mul_t2.asm.obj (.text)
                  00004298    000000f8     adc.obj (.text)
                  00004390    000000f8     rtsv7M4_T_le_v4SPD16_eabi.lib : s_floor.c.obj (.text:floor)
                  00004488    000000dc                                   : setvbuf.c.obj (.text:setvbuf)
                  00004564    000000d8                                   : memory.c.obj (.text:free)
                  0000463c    000000b1                                   : _printfi.c.obj (.text:_ltostr)
                  000046ed    00000001     --HOLE-- [fill = 0]
                  000046ee    0000009c                                   : memcpy_t2.asm.obj (.text)
                  0000478a    00000096                                   : ull_div_t2.asm.obj (.text)
                  00004820    0000008c                                   : fputc.c.obj (.text:fputc)
                  000048ac    00000086                                   : fd_cmp_t2.asm.obj (.text:__aeabi_cdcmple)
                  00004932    00000086                                   : fd_cmp_t2.asm.obj (.text:__aeabi_cdrcmple)
                  000049b8    0000007a                                   : memset_t2.asm.obj (.text)
                  00004a32    00000002     --HOLE-- [fill = 0]
                  00004a34    00000078                                   : memory.c.obj (.text:malloc)
                  00004aac    00000074                                   : fclose.c.obj (.text:__TI_closefile)
                  00004b20    0000006e                                   : _printfi.c.obj (.text:_mcpy)
                  00004b8e    00000002     --HOLE-- [fill = 0]
                  00004b90    00000068                                   : hostlseek.c.obj (.text:HOSTlseek)
                  00004bf8    00000068                                   : hostrename.c.obj (.text:HOSTrename)
                  00004c60    00000068                                   : copy_decompress_lzss.c.obj (.text:decompress:lzss:__TI_decompress_lzss)
                  00004cc8    00000068                                   : printf.c.obj (.text:printf)
                  00004d30    00000064                                   : s_frexp.c.obj (.text:frexp)
                  00004d94    00000064                                   : fseek.c.obj (.text:fseek)
                  00004df8    00000062                                   : _io_perm.c.obj (.text:__TI_wrt_ok)
                  00004e5a    00000002     --HOLE-- [fill = 0]
                  00004e5c    00000060                                   : hostopen.c.obj (.text:HOSTopen)
                  00004ebc    0000005c                                   : close.c.obj (.text:close)
                  00004f18    00000058                                   : hostread.c.obj (.text:HOSTread)
                  00004f70    00000058                                   : hostwrite.c.obj (.text:HOSTwrite)
                  00004fc8    00000056                                   : _printfi.c.obj (.text:_pconv_f)
                  0000501e    00000054                                   : ltoa.c.obj (.text:ltoa)
                  00005072    00000052                                   : _printfi.c.obj (.text:_ecpy)
                  000050c4    0000004c                                   : fflush.c.obj (.text:__TI_doflush)
                  00005110    0000004c                                   : atoi.c.obj (.text:atoi)
                  0000515c    00000048                                   : exit.c.obj (.text:exit)
                  000051a4    00000048                                   : fd_toi_t2.asm.obj (.text)
                  000051ec    00000044                                   : hostclose.c.obj (.text:HOSTclose)
                  00005230    00000044                                   : hostunlink.c.obj (.text:HOSTunlink)
                  00005274    00000044                                   : autoinit.c.obj (.text:__TI_auto_init_nobinit_nopinit:__TI_auto_init_nobinit_nopinit)
                  000052b8    00000044                                   : getdevice.c.obj (.text:getdevice)
                  000052fc    00000044                                   : fd_tou_t2.asm.obj (.text)
                  00005340    00000040                                   : sprintf.c.obj (.text:sprintf)
                  00005380    00000040                                   : vsnprintf.c.obj (.text:vsnprintf)
                  000053c0    0000003e                                   : _printfi.c.obj (.text:_fcpy)
                  000053fe    00000002     --HOLE-- [fill = 0]
                  00005400    0000003c                                   : memory.c.obj (.text:minsert)
                  0000543c    00000038                                   : trgmsg.c.obj (.text:__TI_writemsg)
                  00005474    00000038                                   : boot_cortex_m.c.obj (.text:_c_int00_noargs:_c_int00_noargs)
                  000054ac    00000038                                   : memory.c.obj (.text:minit)
                  000054e4    00000036                                   : strncpy.c.obj (.text:strncpy)
                  0000551a    00000002     --HOLE-- [fill = 0]
                  0000551c    00000034     driverlib.lib : interrupt.obj (.text:IntRegister)
                  00005550    00000034     rtsv7M4_T_le_v4SPD16_eabi.lib : fopen.c.obj (.text:__TI_cleanup)
                  00005584    00000034                                   : trgmsg.c.obj (.text:__TI_readmsg)
                  000055b8    00000030                                   : vsnprintf.c.obj (.text:_outs)
                  000055e8    00000030                                   : getdevice.c.obj (.text:finddevice)
                  00005618    0000002e                                   : i_tofd_t2.asm.obj (.text)
                  00005646    00000002     --HOLE-- [fill = 0]
                  00005648    0000002c                                   : unlink.c.obj (.text:unlink)
                  00005674    00000028                                   : lseek.c.obj (.text:lseek)
                  0000569c    00000028                                   : memory.c.obj (.text:mremove)
                  000056c4    00000028                                   : write.c.obj (.text:write)
                  000056ec    00000020                                   : memchr.c.obj (.text:memchr)
                  0000570c    00000020                                   : u_tofd_t2.asm.obj (.text)
                  0000572c    0000001c                                   : memccpy.c.obj (.text:memccpy)
                  00005748    00000018                                   : vsnprintf.c.obj (.text:_outc)
                  00005760    00000018                                   : sprintf.c.obj (.text:_outs)
                  00005778    00000018                                   : strcmp.c.obj (.text:strcmp)
                  00005790    00000016                                   : strchr.c.obj (.text:strchr)
                  000057a6    00000014                                   : s_copysign.c.obj (.text:copysign)
                  000057ba    00000014                                   : strcpy.c.obj (.text:strcpy)
                  000057ce    00000014                                   : strlen.c.obj (.text:strlen)
                  000057e2    00000012                                   : wcslen.c.obj (.text:wcslen)
                  000057f4    00000010     driverlib.lib : interrupt.obj (.text:IntMasterEnable)
                  00005804    00000010     lcd.obj (.text:lcd_clear)
                  00005814    0000000e     rtsv7M4_T_le_v4SPD16_eabi.lib : copy_decompress_none.c.obj (.text:decompress:none:__TI_decompress_none)
                  00005822    0000000c     driverlib.lib : cpu.obj (.text:CPUcpsie)
                  0000582e    0000000c     rtsv7M4_T_le_v4SPD16_eabi.lib : copy_zero_init.c.obj (.text:decompress:ZI:__TI_zero_init)
                  0000583a    0000000c     tm4c123gh6pm_startup_ccs.obj (.text)
                  00005846    0000000a     rtsv7M4_T_le_v4SPD16_eabi.lib : sprintf.c.obj (.text:_outc)
                  00005850    00000008                                   : errno.c.obj (.text:__aeabi_errno_addr)
                  00005858    00000004                                   : printf.c.obj (.text:_outc)
                  0000585c    00000004                                   : printf.c.obj (.text:_outs)
                  00005860    00000004                                   : pre_init.c.obj (.text:_system_pre_init)
                  00005864    00000004                                   : exit.c.obj (.text:abort:abort)

.const     0    00005868    00000314     
                  00005868    00000158     rtsv7M4_T_le_v4SPD16_eabi.lib : k_rem_pio2.c.obj (.const:$O1$$)
                  000059c0    00000101                                   : ctype.c.obj (.const:.string:_ctypes_)
                  00005ac1    00000004     lcd.obj (.const:.string:lineAddress$1)
                  00005ac5    00000003     --HOLE-- [fill = 0]
                  00005ac8    00000080     rtsv7M4_T_le_v4SPD16_eabi.lib : k_tan.c.obj (.const:xxx)
                  00005b48    00000030                                   : e_pow.c.obj (.const:$O1$$)
                  00005b78    00000004     lcd.obj (.const:.string:lineAddresses$2)

.cinit     0    00005b80    000000b0     
                  00005b80    00000078     (.cinit..data.load) [load image, compression = lzss]
                  00005bf8    0000000c     (__TI_handler_table)
                  00005c04    00000004     --HOLE-- [fill = 0]
                  00005c08    00000008     (.cinit..bss.load) [load image, compression = zero_init]
                  00005c10    00000008     (.cinit..vtable.load) [load image, compression = zero_init]
                  00005c18    00000018     (__TI_cinit_table)

.init_array 
*          0    00000000    00000000     UNINITIALIZED

.vtable    0    20000000    0000026c     UNINITIALIZED
                  20000000    0000026c     driverlib.lib : interrupt.obj (.vtable)

.bss       0    2000026c    00001d5c     UNINITIALIZED
                  2000026c    00001b40     (.common:plot)
                  20001dac    00000120     rtsv7M4_T_le_v4SPD16_eabi.lib : trgmsg.c.obj (.bss:_CIOBUF_)
                  20001ecc    000000a0     (.common:__TI_tmpnams)
                  20001f6c    00000054     lcd.obj (.bss:lastbuffer$3)
                  20001fc0    00000008     (.common:parmbuf)

.stack     0    20001fc8    00001000     UNINITIALIZED
                  20001fc8    00000004     rtsv7M4_T_le_v4SPD16_eabi.lib : boot_cortex_m.c.obj (.stack)
                  20001fcc    00000ffc     --HOLE--

.sysmem    0    20002fc8    00001000     UNINITIALIZED
                  20002fc8    00000008     rtsv7M4_T_le_v4SPD16_eabi.lib : memory.c.obj (.sysmem)
                  20002fd0    00000ff8     --HOLE--

.data      0    20003fc8    00000208     UNINITIALIZED
                  20003fc8    000000f0     rtsv7M4_T_le_v4SPD16_eabi.lib : defs.c.obj (.data:_ftable)
                  200040b8    00000078                                   : write.c.obj (.data:_device)
                  20004130    00000050                                   : write.c.obj (.data:_stream)
                  20004180    00000014     main.obj (.data)
                  20004194    00000010     rtsv7M4_T_le_v4SPD16_eabi.lib : defs.c.obj (.data)
                  200041a4    0000000c                                   : exit.c.obj (.data:$O1$$)
                  200041b0    0000000c                                   : memory.c.obj (.data:$O1$$)
                  200041bc    00000008                                   : _lock.c.obj (.data:$O1$$)
                  200041c4    00000008     servo.obj (.data)
                  200041cc    00000004     rtsv7M4_T_le_v4SPD16_eabi.lib : errno.c.obj (.data)

MODULE SUMMARY

       Module                         code    ro data   rw data
       ------                         ----    -------   -------
    .\
       main.obj                       1724    0         6996   
       lcd.obj                        764     8         84     
       tm4c123gh6pm_startup_ccs.obj   12      620       0      
       Timer.obj                      344     0         0      
       servo.obj                      336     0         8      
       ping.obj                       324     0         0      
       uart.obj                       284     0         0      
       adc.obj                        248     0         0      
    +--+------------------------------+-------+---------+---------+
       Total:                         4036    628       7088   
                                                               
    C:/ti/TivaWare_C_Series-2.1.2.111/driverlib/ccs/Debug/driverlib.lib
       interrupt.obj                  68      0         620    
       cpu.obj                        12      0         0      
    +--+------------------------------+-------+---------+---------+
       Total:                         80      0         620    
                                                               
    C:\ti\ccsv8\tools\compiler\ti-cgt-arm_18.1.1.LTS\lib\rtsv7M4_T_le_v4SPD16_eabi.lib
       _printfi.c.obj                 4863    0         0      
       e_pow.c.obj                    2496    48        0      
       k_rem_pio2.c.obj               1848    344       0      
       s_tan.c.obj                    1288    0         0      
       k_tan.c.obj                    792     128       0      
       memory.c.obj                   492     0         12     
       fd_add_t2.asm.obj              438     0         0      
       defs.c.obj                     0       0         416    
       trgmsg.c.obj                   108     0         288    
       e_sqrt.c.obj                   344     0         0      
       fd_div_t2.asm.obj              310     0         0      
       fputs.c.obj                    276     0         0      
       s_scalbn.c.obj                 272     0         0      
       fd_cmp_t2.asm.obj              268     0         0      
       ctype.c.obj                    0       257       0      
       fd_mul_t2.asm.obj              252     0         0      
       s_floor.c.obj                  248     0         0      
       write.c.obj                    40      0         200    
       setvbuf.c.obj                  220     0         0      
       memcpy_t2.asm.obj              156     0         0      
       ull_div_t2.asm.obj             150     0         0      
       fputc.c.obj                    140     0         0      
       vsnprintf.c.obj                136     0         0      
       memset_t2.asm.obj              122     0         0      
       fclose.c.obj                   116     0         0      
       getdevice.c.obj                116     0         0      
       printf.c.obj                   112     0         0      
       copy_decompress_lzss.c.obj     104     0         0      
       hostlseek.c.obj                104     0         0      
       hostopen.c.obj                 96      0         8      
       hostrename.c.obj               104     0         0      
       fseek.c.obj                    100     0         0      
       s_frexp.c.obj                  100     0         0      
       _io_perm.c.obj                 98      0         0      
       sprintf.c.obj                  98      0         0      
       close.c.obj                    92      0         0      
       exit.c.obj                     76      0         12     
       hostread.c.obj                 88      0         0      
       hostwrite.c.obj                88      0         0      
       ltoa.c.obj                     84      0         0      
       atoi.c.obj                     76      0         0      
       fflush.c.obj                   76      0         0      
       fd_toi_t2.asm.obj              72      0         0      
       autoinit.c.obj                 68      0         0      
       fd_tou_t2.asm.obj              68      0         0      
       hostclose.c.obj                68      0         0      
       hostunlink.c.obj               68      0         0      
       boot_cortex_m.c.obj            56      0         0      
       strncpy.c.obj                  54      0         0      
       fopen.c.obj                    52      0         0      
       i_tofd_t2.asm.obj              46      0         0      
       unlink.c.obj                   44      0         0      
       lseek.c.obj                    40      0         0      
       memchr.c.obj                   32      0         0      
       u_tofd_t2.asm.obj              32      0         0      
       memccpy.c.obj                  28      0         0      
       strcmp.c.obj                   24      0         0      
       strchr.c.obj                   22      0         0      
       s_copysign.c.obj               20      0         0      
       strcpy.c.obj                   20      0         0      
       strlen.c.obj                   20      0         0      
       wcslen.c.obj                   18      0         0      
       copy_decompress_none.c.obj     14      0         0      
       copy_zero_init.c.obj           12      0         0      
       errno.c.obj                    8       0         4      
       _lock.c.obj                    2       0         8      
       pre_init.c.obj                 4       0         0      
       div0.asm.obj                   2       0         0      
    +--+------------------------------+-------+---------+---------+
       Total:                         17881   777       948    
                                                               
       Heap:                          0       0         4096   
       Stack:                         0       0         4096   
       Linker Generated:              0       172       0      
    +--+------------------------------+-------+---------+---------+
       Grand Total:                   21997   1577      16848  


LINKER GENERATED COPY TABLES

__TI_cinit_table @ 00005c18 records: 3, size/record: 8, table size: 24
	.data: load addr=00005b80, load size=00000078 bytes, run addr=20003fc8, run size=00000208 bytes, compression=lzss
	.bss: load addr=00005c08, load size=00000008 bytes, run addr=2000026c, run size=00001d5c bytes, compression=zero_init
	.vtable: load addr=00005c10, load size=00000008 bytes, run addr=20000000, run size=0000026c bytes, compression=zero_init


LINKER GENERATED HANDLER TABLE

__TI_handler_table @ 00005bf8 records: 3, size/record: 4, table size: 12
	index: 0, handler: __TI_zero_init
	index: 1, handler: __TI_decompress_lzss
	index: 2, handler: __TI_decompress_none


GLOBAL SYMBOLS: SORTED ALPHABETICALLY BY Name 

address   name                           
-------   ----                           
00004299  ADC_init                       
00004315  ADC_read                       
00005865  C$$EXIT                        
0000546b  C$$IO$$                        
00005823  CPUcpsie                       
000051ed  HOSTclose                      
00004b91  HOSTlseek                      
00004e5d  HOSTopen                       
00004f19  HOSTread                       
00004bf9  HOSTrename                     
00005231  HOSTunlink                     
00004f71  HOSTwrite                      
000057f5  IntMasterEnable                
0000551d  IntRegister                    
0000583b  ResetISR                       
00001dc5  TIMER3B_Handler                
20001dac  __CIOBUF_                      
20002fc8  __STACK_END                    
00001000  __STACK_SIZE                   
200021c8  __STACK_TOP                    
00001000  __SYSMEM_SIZE                  
00005c18  __TI_CINIT_Base                
00005c30  __TI_CINIT_Limit               
00005bf8  __TI_Handler_Table_Base        
00005c04  __TI_Handler_Table_Limit       
00005275  __TI_auto_init_nobinit_nopinit 
00005551  __TI_cleanup                   
200041a4  __TI_cleanup_ptr               
00004aad  __TI_closefile                 
00004c61  __TI_decompress_lzss           
00005815  __TI_decompress_none           
000050c5  __TI_doflush                   
200041a8  __TI_dtors_ptr                 
200041ac  __TI_enable_exit_profile_output
20004194  __TI_ft_end                    
ffffffff  __TI_pprof_out_hndl            
0000026d  __TI_printfi                   
ffffffff  __TI_prof_data_size            
ffffffff  __TI_prof_data_start           
00005585  __TI_readmsg                   
00000000  __TI_static_base__             
20001ecc  __TI_tmpnams                   
0000543d  __TI_writemsg                  
00004df9  __TI_wrt_ok                    
0000582f  __TI_zero_init                 
000048ad  __aeabi_cdcmpeq                
000048ad  __aeabi_cdcmple                
00004933  __aeabi_cdrcmple               
000051a5  __aeabi_d2iz                   
000052fd  __aeabi_d2uiz                  
000033d7  __aeabi_dadd                   
00003c05  __aeabi_ddiv                   
0000419d  __aeabi_dmul                   
000033cd  __aeabi_dsub                   
00005851  __aeabi_errno_addr             
00005619  __aeabi_i2d                    
00003583  __aeabi_idiv0                  
00003583  __aeabi_ldiv0                  
000049b9  __aeabi_memclr                 
000049b9  __aeabi_memclr4                
000049b9  __aeabi_memclr8                
000046ef  __aeabi_memcpy                 
000046ef  __aeabi_memcpy4                
000046ef  __aeabi_memcpy8                
000049bb  __aeabi_memset                 
000049bb  __aeabi_memset4                
000049bb  __aeabi_memset8                
200041a0  __aeabi_stderr                 
20004198  __aeabi_stdin                  
2000419c  __aeabi_stdout                 
0000570d  __aeabi_ui2d                   
0000478b  __aeabi_uldivmod               
ffffffff  __binit__                      
ffffffff  __c_args__                     
0000168d  __kernel_rem_pio2              
00002989  __kernel_tan                   
UNDEFED   __mpu_init                     
20001fc8  __stack                        
00005475  _c_int00_noargs                
000059c0  _ctypes_                       
200040b8  _device                        
20003fc8  _ftable                        
200041bc  _lock                          
00000ccb  _nop                           
20004130  _stream                        
20002fc8  _sys_memory                    
UNDEFED   _system_post_cinit             
00005861  _system_pre_init               
200041c0  _unlock                        
00005865  abort                          
00005111  atoi                           
ffffffff  binit                          
00001f21  clearPlot                      
00004ebd  close                          
000057a7  copysign                       
000057a7  copysignl                      
200041c8  counter                        
00001e75  createPlot                     
2000418c  dist                           
200041cc  errno                          
20004188  event_time                     
0000515d  exit                           
20004184  falling_time                   
000055e9  finddevice                     
00004391  floor                          
00004391  floorl                         
00004821  fputc                          
00003f79  fputs                          
00004565  free                           
00004d31  frexp                          
00004d31  frexpl                         
00004d95  fseek                          
20000000  g_pfnRAMVectors                
00000000  g_pfnVectors                   
0000392f  getCounter                     
000052b9  getdevice                      
00005805  lcd_clear                      
00002e39  lcd_gotoLine                   
00002ca1  lcd_init                       
00002e9f  lcd_printf                     
00002d61  lcd_putc                       
00002d99  lcd_puts                       
00002db7  lcd_sendCommand                
00002df5  lcd_sendNibble                 
00002e61  lcd_setCursorPos               
0000408d  ldexp                          
0000408d  ldexpl                         
00005675  lseek                          
0000501f  ltoa                           
00001f85  main                           
00004a35  malloc                         
200041c4  match                          
0000572d  memccpy                        
000056ed  memchr                         
000046ef  memcpy                         
000049c1  memset                         
000054ad  minit                          
000038bf  move_servo                     
20004190  overflow                       
20001fc0  parmbuf                        
00003985  ping_init                      
2000026c  plot                           
00000ccd  pow                            
00000ccd  powl                           
00001ec7  printPlot                      
00004cc9  printf                         
00004821  putc                           
00005649  remove                         
20004180  rising_time                    
0000408d  scalbn                         
0000408d  scalbnl                        
00003a1b  send_pulse                     
00003835  servo_init                     
00004489  setvbuf                        
00005341  sprintf                        
000036dd  sqrt                           
000036dd  sqrtl                          
00005791  strchr                         
00005779  strcmp                         
000057bb  strcpy                         
000057cf  strlen                         
000054e5  strncpy                        
00002481  tan                            
00002481  tanl                           
00003695  timer_getClock                 
00003649  timer_startClock               
000035e3  timer_startTimer               
0000369b  timer_stopClock                
00003633  timer_stopTimer                
000035b9  timer_waitMicros               
00003585  timer_waitMillis               
00003e5d  uart_init                      
00003f01  uart_receive                   
00003ee5  uart_sendChar                  
00003f27  uart_sendStr                   
00005649  unlink                         
00005381  vsnprintf                      
000057e3  wcslen                         
000056c5  write                          


GLOBAL SYMBOLS: SORTED BY Symbol Address 

address   name                           
-------   ----                           
00000000  __TI_static_base__             
00000000  g_pfnVectors                   
0000026d  __TI_printfi                   
00000ccb  _nop                           
00000ccd  pow                            
00000ccd  powl                           
00001000  __STACK_SIZE                   
00001000  __SYSMEM_SIZE                  
0000168d  __kernel_rem_pio2              
00001dc5  TIMER3B_Handler                
00001e75  createPlot                     
00001ec7  printPlot                      
00001f21  clearPlot                      
00001f85  main                           
00002481  tan                            
00002481  tanl                           
00002989  __kernel_tan                   
00002ca1  lcd_init                       
00002d61  lcd_putc                       
00002d99  lcd_puts                       
00002db7  lcd_sendCommand                
00002df5  lcd_sendNibble                 
00002e39  lcd_gotoLine                   
00002e61  lcd_setCursorPos               
00002e9f  lcd_printf                     
000033cd  __aeabi_dsub                   
000033d7  __aeabi_dadd                   
00003583  __aeabi_idiv0                  
00003583  __aeabi_ldiv0                  
00003585  timer_waitMillis               
000035b9  timer_waitMicros               
000035e3  timer_startTimer               
00003633  timer_stopTimer                
00003649  timer_startClock               
00003695  timer_getClock                 
0000369b  timer_stopClock                
000036dd  sqrt                           
000036dd  sqrtl                          
00003835  servo_init                     
000038bf  move_servo                     
0000392f  getCounter                     
00003985  ping_init                      
00003a1b  send_pulse                     
00003c05  __aeabi_ddiv                   
00003e5d  uart_init                      
00003ee5  uart_sendChar                  
00003f01  uart_receive                   
00003f27  uart_sendStr                   
00003f79  fputs                          
0000408d  ldexp                          
0000408d  ldexpl                         
0000408d  scalbn                         
0000408d  scalbnl                        
0000419d  __aeabi_dmul                   
00004299  ADC_init                       
00004315  ADC_read                       
00004391  floor                          
00004391  floorl                         
00004489  setvbuf                        
00004565  free                           
000046ef  __aeabi_memcpy                 
000046ef  __aeabi_memcpy4                
000046ef  __aeabi_memcpy8                
000046ef  memcpy                         
0000478b  __aeabi_uldivmod               
00004821  fputc                          
00004821  putc                           
000048ad  __aeabi_cdcmpeq                
000048ad  __aeabi_cdcmple                
00004933  __aeabi_cdrcmple               
000049b9  __aeabi_memclr                 
000049b9  __aeabi_memclr4                
000049b9  __aeabi_memclr8                
000049bb  __aeabi_memset                 
000049bb  __aeabi_memset4                
000049bb  __aeabi_memset8                
000049c1  memset                         
00004a35  malloc                         
00004aad  __TI_closefile                 
00004b91  HOSTlseek                      
00004bf9  HOSTrename                     
00004c61  __TI_decompress_lzss           
00004cc9  printf                         
00004d31  frexp                          
00004d31  frexpl                         
00004d95  fseek                          
00004df9  __TI_wrt_ok                    
00004e5d  HOSTopen                       
00004ebd  close                          
00004f19  HOSTread                       
00004f71  HOSTwrite                      
0000501f  ltoa                           
000050c5  __TI_doflush                   
00005111  atoi                           
0000515d  exit                           
000051a5  __aeabi_d2iz                   
000051ed  HOSTclose                      
00005231  HOSTunlink                     
00005275  __TI_auto_init_nobinit_nopinit 
000052b9  getdevice                      
000052fd  __aeabi_d2uiz                  
00005341  sprintf                        
00005381  vsnprintf                      
0000543d  __TI_writemsg                  
0000546b  C$$IO$$                        
00005475  _c_int00_noargs                
000054ad  minit                          
000054e5  strncpy                        
0000551d  IntRegister                    
00005551  __TI_cleanup                   
00005585  __TI_readmsg                   
000055e9  finddevice                     
00005619  __aeabi_i2d                    
00005649  remove                         
00005649  unlink                         
00005675  lseek                          
000056c5  write                          
000056ed  memchr                         
0000570d  __aeabi_ui2d                   
0000572d  memccpy                        
00005779  strcmp                         
00005791  strchr                         
000057a7  copysign                       
000057a7  copysignl                      
000057bb  strcpy                         
000057cf  strlen                         
000057e3  wcslen                         
000057f5  IntMasterEnable                
00005805  lcd_clear                      
00005815  __TI_decompress_none           
00005823  CPUcpsie                       
0000582f  __TI_zero_init                 
0000583b  ResetISR                       
00005851  __aeabi_errno_addr             
00005861  _system_pre_init               
00005865  C$$EXIT                        
00005865  abort                          
000059c0  _ctypes_                       
00005bf8  __TI_Handler_Table_Base        
00005c04  __TI_Handler_Table_Limit       
00005c18  __TI_CINIT_Base                
00005c30  __TI_CINIT_Limit               
20000000  g_pfnRAMVectors                
2000026c  plot                           
20001dac  __CIOBUF_                      
20001ecc  __TI_tmpnams                   
20001fc0  parmbuf                        
20001fc8  __stack                        
200021c8  __STACK_TOP                    
20002fc8  __STACK_END                    
20002fc8  _sys_memory                    
20003fc8  _ftable                        
200040b8  _device                        
20004130  _stream                        
20004180  rising_time                    
20004184  falling_time                   
20004188  event_time                     
2000418c  dist                           
20004190  overflow                       
20004194  __TI_ft_end                    
20004198  __aeabi_stdin                  
2000419c  __aeabi_stdout                 
200041a0  __aeabi_stderr                 
200041a4  __TI_cleanup_ptr               
200041a8  __TI_dtors_ptr                 
200041ac  __TI_enable_exit_profile_output
200041bc  _lock                          
200041c0  _unlock                        
200041c4  match                          
200041c8  counter                        
200041cc  errno                          
ffffffff  __TI_pprof_out_hndl            
ffffffff  __TI_prof_data_size            
ffffffff  __TI_prof_data_start           
ffffffff  __binit__                      
ffffffff  __c_args__                     
ffffffff  binit                          
UNDEFED   __mpu_init                     
UNDEFED   _system_post_cinit             

[179 symbols]
